Archive member included to satisfy reference by file (symbol)

.\CortexM3\ARM_GCC_541\Debug\2020-Control-Scheme.a(led.o)
                              .\CortexM3\ARM_GCC_541\Debug\main.o (led_Write)
.\CortexM3\ARM_GCC_541\Debug\2020-Control-Scheme.a(USB.o)
                              .\CortexM3\ARM_GCC_541\Debug\main.o (USB_Start)
.\CortexM3\ARM_GCC_541\Debug\2020-Control-Scheme.a(USB_drv.o)
                              .\CortexM3\ARM_GCC_541\Debug\2020-Control-Scheme.a(USB.o) (USB_lastPacketSize)
.\CortexM3\ARM_GCC_541\Debug\2020-Control-Scheme.a(USB_episr.o)
                              .\CortexM3\ARM_GCC_541\Debug\2020-Control-Scheme.a(USB.o) (USB_EP_1_ISR)
.\CortexM3\ARM_GCC_541\Debug\2020-Control-Scheme.a(USB_hid.o)
                              .\CortexM3\ARM_GCC_541\Debug\2020-Control-Scheme.a(USB.o) (USB_hidProtocol)
.\CortexM3\ARM_GCC_541\Debug\2020-Control-Scheme.a(USB_pm.o)
                              .\CortexM3\ARM_GCC_541\Debug\2020-Control-Scheme.a(USB.o) (USB_DP_ISR)
.\CortexM3\ARM_GCC_541\Debug\2020-Control-Scheme.a(USB_std.o)
                              .\CortexM3\ARM_GCC_541\Debug\2020-Control-Scheme.a(USB_pm.o) (USB_ConfigReg)
.\CortexM3\ARM_GCC_541\Debug\2020-Control-Scheme.a(USB_vnd.o)
                              .\CortexM3\ARM_GCC_541\Debug\2020-Control-Scheme.a(USB_drv.o) (USB_HandleVendorRqst)
.\CortexM3\ARM_GCC_541\Debug\2020-Control-Scheme.a(Status_1_8.o)
                              .\CortexM3\ARM_GCC_541\Debug\main.o (Status_1_8_Read)
.\CortexM3\ARM_GCC_541\Debug\2020-Control-Scheme.a(Status_9_11.o)
                              .\CortexM3\ARM_GCC_541\Debug\main.o (Status_9_11_Read)
.\CortexM3\ARM_GCC_541\Debug\2020-Control-Scheme.a(USB_Dp.o)
                              .\CortexM3\ARM_GCC_541\Debug\2020-Control-Scheme.a(USB.o) (USB_Dp_ClearInterrupt)
.\CortexM3\ARM_GCC_541\Debug\2020-Control-Scheme.a(CyLib.o)
                              .\CortexM3\ARM_GCC_541\Debug\Cm3Start.o (CyHalt)
.\CortexM3\ARM_GCC_541\Debug\2020-Control-Scheme.a(cyPm.o)
                              .\CortexM3\ARM_GCC_541\Debug\2020-Control-Scheme.a(CyLib.o) (CyPmReadStatus)
.\CortexM3\ARM_GCC_541\Debug\2020-Control-Scheme.a(CyBootAsmGnu.o)
                              .\CortexM3\ARM_GCC_541\Debug\cyfitter_cfg.o (CyDelayCycles)
.\CortexM3\ARM_GCC_541\Debug\2020-Control-Scheme.a(USB_cls.o)
                              .\CortexM3\ARM_GCC_541\Debug\2020-Control-Scheme.a(USB_drv.o) (USB_DispatchClassRqst)
.\CortexM3\ARM_GCC_541\Debug\2020-Control-Scheme.a(USB_descr.o)
                              .\CortexM3\ARM_GCC_541\Debug\2020-Control-Scheme.a(USB_std.o) (USB_TABLE)
.\CortexM3\ARM_GCC_541\Debug\2020-Control-Scheme.a(CyFlash.o)
                              .\CortexM3\ARM_GCC_541\Debug\2020-Control-Scheme.a(cyPm.o) (CyFlash_SetWaitCycles)
.\CortexM3\ARM_GCC_541\Debug\2020-Control-Scheme.a(CySpc.o)
                              .\CortexM3\ARM_GCC_541\Debug\2020-Control-Scheme.a(CyFlash.o) (CySpcStart)
c:/program files (x86)/cypress/psoc creator/4.2/psoc creator/import/gnu/arm/5.4.1/bin/../lib/gcc/arm-none-eabi/5.4.1/../../../../arm-none-eabi/lib/armv7-m\libg_nano.a(lib_a-errno.o)
                              .\CortexM3\ARM_GCC_541\Debug\Cm3Start.o (__errno)
c:/program files (x86)/cypress/psoc creator/4.2/psoc creator/import/gnu/arm/5.4.1/bin/../lib/gcc/arm-none-eabi/5.4.1/../../../../arm-none-eabi/lib/armv7-m\libg_nano.a(lib_a-exit.o)
                              c:/program files (x86)/cypress/psoc creator/4.2/psoc creator/import/gnu/arm/5.4.1/bin/../lib/gcc/arm-none-eabi/5.4.1/../../../../arm-none-eabi/lib/armv7-m/crt0.o (exit)
c:/program files (x86)/cypress/psoc creator/4.2/psoc creator/import/gnu/arm/5.4.1/bin/../lib/gcc/arm-none-eabi/5.4.1/../../../../arm-none-eabi/lib/armv7-m\libg_nano.a(lib_a-impure.o)
                              c:/program files (x86)/cypress/psoc creator/4.2/psoc creator/import/gnu/arm/5.4.1/bin/../lib/gcc/arm-none-eabi/5.4.1/../../../../arm-none-eabi/lib/armv7-m\libg_nano.a(lib_a-exit.o) (_global_impure_ptr)
c:/program files (x86)/cypress/psoc creator/4.2/psoc creator/import/gnu/arm/5.4.1/bin/../lib/gcc/arm-none-eabi/5.4.1/../../../../arm-none-eabi/lib/armv7-m\libg_nano.a(lib_a-init.o)
                              c:/program files (x86)/cypress/psoc creator/4.2/psoc creator/import/gnu/arm/5.4.1/bin/../lib/gcc/arm-none-eabi/5.4.1/../../../../arm-none-eabi/lib/armv7-m/crt0.o (__libc_init_array)
c:/program files (x86)/cypress/psoc creator/4.2/psoc creator/import/gnu/arm/5.4.1/bin/../lib/gcc/arm-none-eabi/5.4.1/../../../../arm-none-eabi/lib/armv7-m\libg_nano.a(lib_a-memcpy-stub.o)
                              .\CortexM3\ARM_GCC_541\Debug\cyfitter_cfg.o (memcpy)
c:/program files (x86)/cypress/psoc creator/4.2/psoc creator/import/gnu/arm/5.4.1/bin/../lib/gcc/arm-none-eabi/5.4.1/../../../../arm-none-eabi/lib/armv7-m\libg_nano.a(lib_a-memset.o)
                              c:/program files (x86)/cypress/psoc creator/4.2/psoc creator/import/gnu/arm/5.4.1/bin/../lib/gcc/arm-none-eabi/5.4.1/../../../../arm-none-eabi/lib/armv7-m/crt0.o (memset)

Allocating common symbols
Common symbol       size              file

USB_hidProtocol     0x1               .\CortexM3\ARM_GCC_541\Debug\2020-Control-Scheme.a(USB_hid.o)
USB_transferState   0x1               .\CortexM3\ARM_GCC_541\Debug\2020-Control-Scheme.a(USB_drv.o)
USB_interfaceNumber
                    0x1               .\CortexM3\ARM_GCC_541\Debug\2020-Control-Scheme.a(USB_drv.o)
USB_lastPacketSize  0x1               .\CortexM3\ARM_GCC_541\Debug\2020-Control-Scheme.a(USB_drv.o)
USB_interfaceClass  0x4               .\CortexM3\ARM_GCC_541\Debug\2020-Control-Scheme.a(USB_drv.o)
USB_interfaceSetting
                    0x1               .\CortexM3\ARM_GCC_541\Debug\2020-Control-Scheme.a(USB_drv.o)
USB_ep0Mode         0x1               .\CortexM3\ARM_GCC_541\Debug\2020-Control-Scheme.a(USB_drv.o)
USB_DEVICE0_CONFIGURATION0_INTERFACE0_ALTERNATE0_HID_OUT_BUF
                    0x3               .\CortexM3\ARM_GCC_541\Debug\2020-Control-Scheme.a(USB_descr.o)
USB_device          0x1               .\CortexM3\ARM_GCC_541\Debug\2020-Control-Scheme.a(USB_drv.o)
USB_deviceAddress   0x1               .\CortexM3\ARM_GCC_541\Debug\2020-Control-Scheme.a(USB_drv.o)
USB_ep0Toggle       0x1               .\CortexM3\ARM_GCC_541\Debug\2020-Control-Scheme.a(USB_drv.o)
USB_hidIdleRate     0x1               .\CortexM3\ARM_GCC_541\Debug\2020-Control-Scheme.a(USB_hid.o)
USB_interfaceSettingLast
                    0x1               .\CortexM3\ARM_GCC_541\Debug\2020-Control-Scheme.a(USB_drv.o)
USB_configurationChanged
                    0x1               .\CortexM3\ARM_GCC_541\Debug\2020-Control-Scheme.a(USB_drv.o)
USB_DEVICE0_CONFIGURATION0_INTERFACE0_ALTERNATE0_HID_IN_RPT_SCB
                    0x4               .\CortexM3\ARM_GCC_541\Debug\2020-Control-Scheme.a(USB_descr.o)
USB_interfaceStatus
                    0x1               .\CortexM3\ARM_GCC_541\Debug\2020-Control-Scheme.a(USB_drv.o)
USB_transferByteCount
                    0x2               .\CortexM3\ARM_GCC_541\Debug\2020-Control-Scheme.a(USB_drv.o)
USB_configuration   0x1               .\CortexM3\ARM_GCC_541\Debug\2020-Control-Scheme.a(USB_drv.o)
USB_currentTD       0xc               .\CortexM3\ARM_GCC_541\Debug\2020-Control-Scheme.a(USB_drv.o)
USB_ep0Count        0x1               .\CortexM3\ARM_GCC_541\Debug\2020-Control-Scheme.a(USB_drv.o)
USB_DEVICE0_CONFIGURATION0_INTERFACE0_ALTERNATE0_HID_OUT_RPT_SCB
                    0x4               .\CortexM3\ARM_GCC_541\Debug\2020-Control-Scheme.a(USB_descr.o)
USB_deviceStatus    0x1               .\CortexM3\ARM_GCC_541\Debug\2020-Control-Scheme.a(USB_drv.o)
USB_DEVICE0_CONFIGURATION0_INTERFACE0_ALTERNATE0_HID_IN_BUF
                    0x3               .\CortexM3\ARM_GCC_541\Debug\2020-Control-Scheme.a(USB_descr.o)
dieTemperature      0x2               .\CortexM3\ARM_GCC_541\Debug\2020-Control-Scheme.a(CyFlash.o)
USB_hidIdleTimer    0x1               .\CortexM3\ARM_GCC_541\Debug\2020-Control-Scheme.a(USB_hid.o)
USB_EP              0x6c              .\CortexM3\ARM_GCC_541\Debug\2020-Control-Scheme.a(USB_drv.o)

Discarded input sections

 .text          0x00000000        0x0 c:/program files (x86)/cypress/psoc creator/4.2/psoc creator/import/gnu/arm/5.4.1/bin/../lib/gcc/arm-none-eabi/5.4.1/armv7-m/crti.o
 .data          0x00000000        0x0 c:/program files (x86)/cypress/psoc creator/4.2/psoc creator/import/gnu/arm/5.4.1/bin/../lib/gcc/arm-none-eabi/5.4.1/armv7-m/crti.o
 .bss           0x00000000        0x0 c:/program files (x86)/cypress/psoc creator/4.2/psoc creator/import/gnu/arm/5.4.1/bin/../lib/gcc/arm-none-eabi/5.4.1/armv7-m/crti.o
 .data          0x00000000        0x4 c:/program files (x86)/cypress/psoc creator/4.2/psoc creator/import/gnu/arm/5.4.1/bin/../lib/gcc/arm-none-eabi/5.4.1/armv7-m/crtbegin.o
 .text          0x00000000       0x74 c:/program files (x86)/cypress/psoc creator/4.2/psoc creator/import/gnu/arm/5.4.1/bin/../lib/gcc/arm-none-eabi/5.4.1/../../../../arm-none-eabi/lib/armv7-m/crt0.o
 .data          0x00000000        0x0 c:/program files (x86)/cypress/psoc creator/4.2/psoc creator/import/gnu/arm/5.4.1/bin/../lib/gcc/arm-none-eabi/5.4.1/../../../../arm-none-eabi/lib/armv7-m/crt0.o
 .bss           0x00000000        0x0 c:/program files (x86)/cypress/psoc creator/4.2/psoc creator/import/gnu/arm/5.4.1/bin/../lib/gcc/arm-none-eabi/5.4.1/../../../../arm-none-eabi/lib/armv7-m/crt0.o
 .ARM.extab     0x00000000        0x0 c:/program files (x86)/cypress/psoc creator/4.2/psoc creator/import/gnu/arm/5.4.1/bin/../lib/gcc/arm-none-eabi/5.4.1/../../../../arm-none-eabi/lib/armv7-m/crt0.o
 .ARM.exidx     0x00000000        0x8 c:/program files (x86)/cypress/psoc creator/4.2/psoc creator/import/gnu/arm/5.4.1/bin/../lib/gcc/arm-none-eabi/5.4.1/../../../../arm-none-eabi/lib/armv7-m/crt0.o
 .text          0x00000000        0x0 .\CortexM3\ARM_GCC_541\Debug\main.o
 .data          0x00000000        0x0 .\CortexM3\ARM_GCC_541\Debug\main.o
 .text.startup  0x00000000       0x44 .\CortexM3\ARM_GCC_541\Debug\main.o
 .text          0x00000000        0x0 .\CortexM3\ARM_GCC_541\Debug\cyfitter_cfg.o
 .data          0x00000000        0x0 .\CortexM3\ARM_GCC_541\Debug\cyfitter_cfg.o
 .bss           0x00000000        0x0 .\CortexM3\ARM_GCC_541\Debug\cyfitter_cfg.o
 .text.SetAnalogRoutingPumps
                0x00000000       0x10 .\CortexM3\ARM_GCC_541\Debug\cyfitter_cfg.o
 .text          0x00000000        0x0 .\CortexM3\ARM_GCC_541\Debug\cymetadata.o
 .data          0x00000000        0x0 .\CortexM3\ARM_GCC_541\Debug\cymetadata.o
 .bss           0x00000000        0x0 .\CortexM3\ARM_GCC_541\Debug\cymetadata.o
 .text          0x00000000        0x0 .\CortexM3\ARM_GCC_541\Debug\Cm3Start.o
 .data          0x00000000        0x4 .\CortexM3\ARM_GCC_541\Debug\Cm3Start.o
 .bss           0x00000000        0x0 .\CortexM3\ARM_GCC_541\Debug\Cm3Start.o
 .text._exit    0x00000000        0xc .\CortexM3\ARM_GCC_541\Debug\Cm3Start.o
 .text._sbrk    0x00000000       0x30 .\CortexM3\ARM_GCC_541\Debug\Cm3Start.o
 .text          0x00000000        0x0 .\CortexM3\ARM_GCC_541\Debug\2020-Control-Scheme.a(led.o)
 .data          0x00000000        0x0 .\CortexM3\ARM_GCC_541\Debug\2020-Control-Scheme.a(led.o)
 .bss           0x00000000        0x0 .\CortexM3\ARM_GCC_541\Debug\2020-Control-Scheme.a(led.o)
 .text.led_SetDriveMode
                0x00000000       0x18 .\CortexM3\ARM_GCC_541\Debug\2020-Control-Scheme.a(led.o)
 .text.led_Read
                0x00000000       0x10 .\CortexM3\ARM_GCC_541\Debug\2020-Control-Scheme.a(led.o)
 .text.led_ReadDataReg
                0x00000000       0x10 .\CortexM3\ARM_GCC_541\Debug\2020-Control-Scheme.a(led.o)
 .text          0x00000000        0x0 .\CortexM3\ARM_GCC_541\Debug\2020-Control-Scheme.a(USB.o)
 .data          0x00000000        0x0 .\CortexM3\ARM_GCC_541\Debug\2020-Control-Scheme.a(USB.o)
 .bss           0x00000000        0x1 .\CortexM3\ARM_GCC_541\Debug\2020-Control-Scheme.a(USB.o)
 .text.USB_Init
                0x00000000      0x118 .\CortexM3\ARM_GCC_541\Debug\2020-Control-Scheme.a(USB.o)
 .text.USB_InitComponent
                0x00000000       0xc4 .\CortexM3\ARM_GCC_541\Debug\2020-Control-Scheme.a(USB.o)
 .text.USB_Start
                0x00000000       0x24 .\CortexM3\ARM_GCC_541\Debug\2020-Control-Scheme.a(USB.o)
 .text.USB_ReInitComponent
                0x00000000       0x64 .\CortexM3\ARM_GCC_541\Debug\2020-Control-Scheme.a(USB.o)
 .text.USB_Stop
                0x00000000       0xb0 .\CortexM3\ARM_GCC_541\Debug\2020-Control-Scheme.a(USB.o)
 .text.USB_CheckActivity
                0x00000000       0x20 .\CortexM3\ARM_GCC_541\Debug\2020-Control-Scheme.a(USB.o)
 .text.USB_GetConfiguration
                0x00000000        0xc .\CortexM3\ARM_GCC_541\Debug\2020-Control-Scheme.a(USB.o)
 .text.USB_IsConfigurationChanged
                0x00000000       0x20 .\CortexM3\ARM_GCC_541\Debug\2020-Control-Scheme.a(USB.o)
 .text.USB_GetInterfaceSetting
                0x00000000        0xc .\CortexM3\ARM_GCC_541\Debug\2020-Control-Scheme.a(USB.o)
 .text.USB_DisableOutEP
                0x00000000       0x18 .\CortexM3\ARM_GCC_541\Debug\2020-Control-Scheme.a(USB.o)
 .text.USB_Force
                0x00000000        0xc .\CortexM3\ARM_GCC_541\Debug\2020-Control-Scheme.a(USB.o)
 .text.USB_SetPowerStatus
                0x00000000       0x20 .\CortexM3\ARM_GCC_541\Debug\2020-Control-Scheme.a(USB.o)
 .text.USB_RWUEnabled
                0x00000000       0x18 .\CortexM3\ARM_GCC_541\Debug\2020-Control-Scheme.a(USB.o)
 .text.USB_GetDeviceAddress
                0x00000000       0x10 .\CortexM3\ARM_GCC_541\Debug\2020-Control-Scheme.a(USB.o)
 .text.USB_EnableSofInt
                0x00000000        0x4 .\CortexM3\ARM_GCC_541\Debug\2020-Control-Scheme.a(USB.o)
 .text.USB_DisableSofInt
                0x00000000        0x4 .\CortexM3\ARM_GCC_541\Debug\2020-Control-Scheme.a(USB.o)
 .text          0x00000000        0x0 .\CortexM3\ARM_GCC_541\Debug\2020-Control-Scheme.a(USB_drv.o)
 .data          0x00000000        0x0 .\CortexM3\ARM_GCC_541\Debug\2020-Control-Scheme.a(USB_drv.o)
 .bss           0x00000000        0x0 .\CortexM3\ARM_GCC_541\Debug\2020-Control-Scheme.a(USB_drv.o)
 .text.USB_LoadEP0
                0x00000000       0x98 .\CortexM3\ARM_GCC_541\Debug\2020-Control-Scheme.a(USB_drv.o)
 .text.USB_InitZeroLengthControlTransfer
                0x00000000       0x34 .\CortexM3\ARM_GCC_541\Debug\2020-Control-Scheme.a(USB_drv.o)
 .text.USB_ControlReadDataStage
                0x00000000        0x8 .\CortexM3\ARM_GCC_541\Debug\2020-Control-Scheme.a(USB_drv.o)
 .text.USB_ControlWriteDataStage
                0x00000000       0x84 .\CortexM3\ARM_GCC_541\Debug\2020-Control-Scheme.a(USB_drv.o)
 .text.USB_InitNoDataControlTransfer
                0x00000000       0x2c .\CortexM3\ARM_GCC_541\Debug\2020-Control-Scheme.a(USB_drv.o)
 .text.USB_UpdateStatusBlock
                0x00000000       0x24 .\CortexM3\ARM_GCC_541\Debug\2020-Control-Scheme.a(USB_drv.o)
 .text.USB_HandleSetup
                0x00000000       0x5c .\CortexM3\ARM_GCC_541\Debug\2020-Control-Scheme.a(USB_drv.o)
 .text.USB_ControlReadStatusStage
                0x00000000       0x38 .\CortexM3\ARM_GCC_541\Debug\2020-Control-Scheme.a(USB_drv.o)
 .text.USB_HandleOUT
                0x00000000       0x38 .\CortexM3\ARM_GCC_541\Debug\2020-Control-Scheme.a(USB_drv.o)
 .text.USB_ControlWriteStatusStage
                0x00000000       0x20 .\CortexM3\ARM_GCC_541\Debug\2020-Control-Scheme.a(USB_drv.o)
 .text.USB_NoDataControlStatusStage
                0x00000000       0x40 .\CortexM3\ARM_GCC_541\Debug\2020-Control-Scheme.a(USB_drv.o)
 .text.USB_HandleIN
                0x00000000       0x2c .\CortexM3\ARM_GCC_541\Debug\2020-Control-Scheme.a(USB_drv.o)
 .text.USB_EP_0_ISR
                0x00000000       0xb8 .\CortexM3\ARM_GCC_541\Debug\2020-Control-Scheme.a(USB_drv.o)
 .text.USB_InitializeStatusBlock
                0x00000000       0x24 .\CortexM3\ARM_GCC_541\Debug\2020-Control-Scheme.a(USB_drv.o)
 .text.USB_InitControlRead
                0x00000000       0x50 .\CortexM3\ARM_GCC_541\Debug\2020-Control-Scheme.a(USB_drv.o)
 .text.USB_InitControlWrite
                0x00000000       0x48 .\CortexM3\ARM_GCC_541\Debug\2020-Control-Scheme.a(USB_drv.o)
 .text          0x00000000        0x0 .\CortexM3\ARM_GCC_541\Debug\2020-Control-Scheme.a(USB_episr.o)
 .data          0x00000000        0x0 .\CortexM3\ARM_GCC_541\Debug\2020-Control-Scheme.a(USB_episr.o)
 .bss           0x00000000        0x0 .\CortexM3\ARM_GCC_541\Debug\2020-Control-Scheme.a(USB_episr.o)
 .text.USB_EP_1_ISR
                0x00000000       0x30 .\CortexM3\ARM_GCC_541\Debug\2020-Control-Scheme.a(USB_episr.o)
 .text.USB_EP_2_ISR
                0x00000000       0x34 .\CortexM3\ARM_GCC_541\Debug\2020-Control-Scheme.a(USB_episr.o)
 .text.USB_BUS_RESET_ISR
                0x00000000        0x8 .\CortexM3\ARM_GCC_541\Debug\2020-Control-Scheme.a(USB_episr.o)
 .text          0x00000000        0x0 .\CortexM3\ARM_GCC_541\Debug\2020-Control-Scheme.a(USB_hid.o)
 .data          0x00000000        0x0 .\CortexM3\ARM_GCC_541\Debug\2020-Control-Scheme.a(USB_hid.o)
 .bss           0x00000000        0x0 .\CortexM3\ARM_GCC_541\Debug\2020-Control-Scheme.a(USB_hid.o)
 .text.USB_UpdateHIDTimer
                0x00000000       0x3c .\CortexM3\ARM_GCC_541\Debug\2020-Control-Scheme.a(USB_hid.o)
 .text.USB_GetProtocol
                0x00000000        0xc .\CortexM3\ARM_GCC_541\Debug\2020-Control-Scheme.a(USB_hid.o)
 .text.USB_FindHidClassDecriptor
                0x00000000       0x44 .\CortexM3\ARM_GCC_541\Debug\2020-Control-Scheme.a(USB_hid.o)
 .text.USB_FindReportDescriptor
                0x00000000       0x4c .\CortexM3\ARM_GCC_541\Debug\2020-Control-Scheme.a(USB_hid.o)
 .text.USB_FindReport
                0x00000000       0x7c .\CortexM3\ARM_GCC_541\Debug\2020-Control-Scheme.a(USB_hid.o)
 .text.USB_DispatchHIDClassRqst
                0x00000000      0x184 .\CortexM3\ARM_GCC_541\Debug\2020-Control-Scheme.a(USB_hid.o)
 COMMON         0x00000000        0x9 .\CortexM3\ARM_GCC_541\Debug\2020-Control-Scheme.a(USB_hid.o)
 .text          0x00000000        0x0 .\CortexM3\ARM_GCC_541\Debug\2020-Control-Scheme.a(USB_pm.o)
 .data          0x00000000        0x0 .\CortexM3\ARM_GCC_541\Debug\2020-Control-Scheme.a(USB_pm.o)
 .bss           0x00000000        0x2 .\CortexM3\ARM_GCC_541\Debug\2020-Control-Scheme.a(USB_pm.o)
 .text.USB_DP_ISR
                0x00000000        0x8 .\CortexM3\ARM_GCC_541\Debug\2020-Control-Scheme.a(USB_pm.o)
 .text.USB_SaveConfig
                0x00000000        0x4 .\CortexM3\ARM_GCC_541\Debug\2020-Control-Scheme.a(USB_pm.o)
 .text.USB_RestoreConfig
                0x00000000       0x1c .\CortexM3\ARM_GCC_541\Debug\2020-Control-Scheme.a(USB_pm.o)
 .text.USB_Suspend
                0x00000000       0xc8 .\CortexM3\ARM_GCC_541\Debug\2020-Control-Scheme.a(USB_pm.o)
 .text.USB_Resume
                0x00000000       0xbc .\CortexM3\ARM_GCC_541\Debug\2020-Control-Scheme.a(USB_pm.o)
 .text          0x00000000        0x0 .\CortexM3\ARM_GCC_541\Debug\2020-Control-Scheme.a(USB_std.o)
 .data          0x00000000        0x0 .\CortexM3\ARM_GCC_541\Debug\2020-Control-Scheme.a(USB_std.o)
 .bss           0x00000000        0x2 .\CortexM3\ARM_GCC_541\Debug\2020-Control-Scheme.a(USB_std.o)
 .text.USB_ConfigReg
                0x00000000       0xa4 .\CortexM3\ARM_GCC_541\Debug\2020-Control-Scheme.a(USB_std.o)
 .text.USB_EpStateInit
                0x00000000       0x44 .\CortexM3\ARM_GCC_541\Debug\2020-Control-Scheme.a(USB_std.o)
 .text.USB_GetConfigTablePtr
                0x00000000       0x28 .\CortexM3\ARM_GCC_541\Debug\2020-Control-Scheme.a(USB_std.o)
 .text.USB_ConfigAltChanged
                0x00000000      0x11c .\CortexM3\ARM_GCC_541\Debug\2020-Control-Scheme.a(USB_std.o)
 .text.USB_GetDeviceTablePtr
                0x00000000       0x18 .\CortexM3\ARM_GCC_541\Debug\2020-Control-Scheme.a(USB_std.o)
 .text.USB_GetInterfaceClassTablePtr
                0x00000000       0x28 .\CortexM3\ARM_GCC_541\Debug\2020-Control-Scheme.a(USB_std.o)
 .text.USB_Config
                0x00000000      0x1c4 .\CortexM3\ARM_GCC_541\Debug\2020-Control-Scheme.a(USB_std.o)
 .text.USB_TerminateEP
                0x00000000       0x4c .\CortexM3\ARM_GCC_541\Debug\2020-Control-Scheme.a(USB_std.o)
 .text.USB_SetEndpointHalt
                0x00000000       0x64 .\CortexM3\ARM_GCC_541\Debug\2020-Control-Scheme.a(USB_std.o)
 .text.USB_ClearEndpointHalt
                0x00000000       0xac .\CortexM3\ARM_GCC_541\Debug\2020-Control-Scheme.a(USB_std.o)
 .text.USB_ValidateAlternateSetting
                0x00000000       0x4c .\CortexM3\ARM_GCC_541\Debug\2020-Control-Scheme.a(USB_std.o)
 .text.USB_HandleStandardRqst
                0x00000000      0x328 .\CortexM3\ARM_GCC_541\Debug\2020-Control-Scheme.a(USB_std.o)
 .text          0x00000000        0x0 .\CortexM3\ARM_GCC_541\Debug\2020-Control-Scheme.a(USB_vnd.o)
 .data          0x00000000        0x0 .\CortexM3\ARM_GCC_541\Debug\2020-Control-Scheme.a(USB_vnd.o)
 .bss           0x00000000        0x0 .\CortexM3\ARM_GCC_541\Debug\2020-Control-Scheme.a(USB_vnd.o)
 .text.USB_HandleVendorRqst
                0x00000000       0x18 .\CortexM3\ARM_GCC_541\Debug\2020-Control-Scheme.a(USB_vnd.o)
 .text          0x00000000        0x0 .\CortexM3\ARM_GCC_541\Debug\2020-Control-Scheme.a(Status_1_8.o)
 .data          0x00000000        0x0 .\CortexM3\ARM_GCC_541\Debug\2020-Control-Scheme.a(Status_1_8.o)
 .bss           0x00000000        0x0 .\CortexM3\ARM_GCC_541\Debug\2020-Control-Scheme.a(Status_1_8.o)
 .text.Status_1_8_InterruptEnable
                0x00000000       0x1c .\CortexM3\ARM_GCC_541\Debug\2020-Control-Scheme.a(Status_1_8.o)
 .text.Status_1_8_InterruptDisable
                0x00000000       0x1c .\CortexM3\ARM_GCC_541\Debug\2020-Control-Scheme.a(Status_1_8.o)
 .text.Status_1_8_WriteMask
                0x00000000        0xc .\CortexM3\ARM_GCC_541\Debug\2020-Control-Scheme.a(Status_1_8.o)
 .text.Status_1_8_ReadMask
                0x00000000        0xc .\CortexM3\ARM_GCC_541\Debug\2020-Control-Scheme.a(Status_1_8.o)
 .text          0x00000000        0x0 .\CortexM3\ARM_GCC_541\Debug\2020-Control-Scheme.a(Status_9_11.o)
 .data          0x00000000        0x0 .\CortexM3\ARM_GCC_541\Debug\2020-Control-Scheme.a(Status_9_11.o)
 .bss           0x00000000        0x0 .\CortexM3\ARM_GCC_541\Debug\2020-Control-Scheme.a(Status_9_11.o)
 .text.Status_9_11_InterruptEnable
                0x00000000       0x1c .\CortexM3\ARM_GCC_541\Debug\2020-Control-Scheme.a(Status_9_11.o)
 .text.Status_9_11_InterruptDisable
                0x00000000       0x1c .\CortexM3\ARM_GCC_541\Debug\2020-Control-Scheme.a(Status_9_11.o)
 .text.Status_9_11_WriteMask
                0x00000000       0x10 .\CortexM3\ARM_GCC_541\Debug\2020-Control-Scheme.a(Status_9_11.o)
 .text.Status_9_11_ReadMask
                0x00000000        0xc .\CortexM3\ARM_GCC_541\Debug\2020-Control-Scheme.a(Status_9_11.o)
 .text          0x00000000        0x0 .\CortexM3\ARM_GCC_541\Debug\2020-Control-Scheme.a(USB_Dp.o)
 .data          0x00000000        0x0 .\CortexM3\ARM_GCC_541\Debug\2020-Control-Scheme.a(USB_Dp.o)
 .bss           0x00000000        0x0 .\CortexM3\ARM_GCC_541\Debug\2020-Control-Scheme.a(USB_Dp.o)
 .text.USB_Dp_Write
                0x00000000       0x18 .\CortexM3\ARM_GCC_541\Debug\2020-Control-Scheme.a(USB_Dp.o)
 .text.USB_Dp_SetDriveMode
                0x00000000       0x18 .\CortexM3\ARM_GCC_541\Debug\2020-Control-Scheme.a(USB_Dp.o)
 .text.USB_Dp_Read
                0x00000000       0x10 .\CortexM3\ARM_GCC_541\Debug\2020-Control-Scheme.a(USB_Dp.o)
 .text.USB_Dp_ReadDataReg
                0x00000000       0x10 .\CortexM3\ARM_GCC_541\Debug\2020-Control-Scheme.a(USB_Dp.o)
 .text.USB_Dp_SetInterruptMode
                0x00000000       0x14 .\CortexM3\ARM_GCC_541\Debug\2020-Control-Scheme.a(USB_Dp.o)
 .text.USB_Dp_ClearInterrupt
                0x00000000       0x10 .\CortexM3\ARM_GCC_541\Debug\2020-Control-Scheme.a(USB_Dp.o)
 .text          0x00000000        0x0 .\CortexM3\ARM_GCC_541\Debug\2020-Control-Scheme.a(CyLib.o)
 .bss           0x00000000       0x1c .\CortexM3\ARM_GCC_541\Debug\2020-Control-Scheme.a(CyLib.o)
 .text.CyUSB_PowerOnCheck
                0x00000000       0x48 .\CortexM3\ARM_GCC_541\Debug\2020-Control-Scheme.a(CyLib.o)
 .text.CyBusClk_Internal_SetDivider
                0x00000000       0x48 .\CortexM3\ARM_GCC_541\Debug\2020-Control-Scheme.a(CyLib.o)
 .text.CyPLL_OUT_Stop
                0x00000000       0x10 .\CortexM3\ARM_GCC_541\Debug\2020-Control-Scheme.a(CyLib.o)
 .text.CyIMO_Stop
                0x00000000       0x1c .\CortexM3\ARM_GCC_541\Debug\2020-Control-Scheme.a(CyLib.o)
 .text.CyIMO_EnableDoubler
                0x00000000       0x10 .\CortexM3\ARM_GCC_541\Debug\2020-Control-Scheme.a(CyLib.o)
 .text.CyIMO_DisableDoubler
                0x00000000       0x10 .\CortexM3\ARM_GCC_541\Debug\2020-Control-Scheme.a(CyLib.o)
 .text.CyMasterClk_SetSource
                0x00000000       0x18 .\CortexM3\ARM_GCC_541\Debug\2020-Control-Scheme.a(CyLib.o)
 .text.CyMasterClk_SetDivider
                0x00000000        0xc .\CortexM3\ARM_GCC_541\Debug\2020-Control-Scheme.a(CyLib.o)
 .text.CyBusClk_SetDivider
                0x00000000       0x70 .\CortexM3\ARM_GCC_541\Debug\2020-Control-Scheme.a(CyLib.o)
 .text.CyUsbClk_SetSource
                0x00000000       0x18 .\CortexM3\ARM_GCC_541\Debug\2020-Control-Scheme.a(CyLib.o)
 .text.CyILO_Start1K
                0x00000000       0x10 .\CortexM3\ARM_GCC_541\Debug\2020-Control-Scheme.a(CyLib.o)
 .text.CyILO_Stop1K
                0x00000000       0x10 .\CortexM3\ARM_GCC_541\Debug\2020-Control-Scheme.a(CyLib.o)
 .text.CyILO_Start100K
                0x00000000       0x10 .\CortexM3\ARM_GCC_541\Debug\2020-Control-Scheme.a(CyLib.o)
 .text.CyILO_Stop100K
                0x00000000       0x10 .\CortexM3\ARM_GCC_541\Debug\2020-Control-Scheme.a(CyLib.o)
 .text.CyPLL_OUT_Start
                0x00000000       0x78 .\CortexM3\ARM_GCC_541\Debug\2020-Control-Scheme.a(CyLib.o)
 .text.CyIMO_Start
                0x00000000       0x60 .\CortexM3\ARM_GCC_541\Debug\2020-Control-Scheme.a(CyLib.o)
 .text.CyILO_Enable33K
                0x00000000       0x10 .\CortexM3\ARM_GCC_541\Debug\2020-Control-Scheme.a(CyLib.o)
 .text.CyILO_Disable33K
                0x00000000       0x10 .\CortexM3\ARM_GCC_541\Debug\2020-Control-Scheme.a(CyLib.o)
 .text.CyILO_SetSource
                0x00000000       0x18 .\CortexM3\ARM_GCC_541\Debug\2020-Control-Scheme.a(CyLib.o)
 .text.CyILO_SetPowerMode
                0x00000000       0x24 .\CortexM3\ARM_GCC_541\Debug\2020-Control-Scheme.a(CyLib.o)
 .text.CyXTAL_32KHZ_Stop
                0x00000000       0x30 .\CortexM3\ARM_GCC_541\Debug\2020-Control-Scheme.a(CyLib.o)
 .text.CyXTAL_32KHZ_ReadStatus
                0x00000000       0x10 .\CortexM3\ARM_GCC_541\Debug\2020-Control-Scheme.a(CyLib.o)
 .text.CyXTAL_Start
                0x00000000       0xac .\CortexM3\ARM_GCC_541\Debug\2020-Control-Scheme.a(CyLib.o)
 .text.CyXTAL_Stop
                0x00000000       0x10 .\CortexM3\ARM_GCC_541\Debug\2020-Control-Scheme.a(CyLib.o)
 .text.CyXTAL_EnableErrStatus
                0x00000000       0x10 .\CortexM3\ARM_GCC_541\Debug\2020-Control-Scheme.a(CyLib.o)
 .text.CyXTAL_DisableErrStatus
                0x00000000       0x10 .\CortexM3\ARM_GCC_541\Debug\2020-Control-Scheme.a(CyLib.o)
 .text.CyXTAL_ReadStatus
                0x00000000       0x18 .\CortexM3\ARM_GCC_541\Debug\2020-Control-Scheme.a(CyLib.o)
 .text.CyXTAL_EnableFaultRecovery
                0x00000000       0x10 .\CortexM3\ARM_GCC_541\Debug\2020-Control-Scheme.a(CyLib.o)
 .text.CyXTAL_DisableFaultRecovery
                0x00000000       0x10 .\CortexM3\ARM_GCC_541\Debug\2020-Control-Scheme.a(CyLib.o)
 .text.CyXTAL_SetStartup
                0x00000000       0x18 .\CortexM3\ARM_GCC_541\Debug\2020-Control-Scheme.a(CyLib.o)
 .text.CyXTAL_SetFbVoltage
                0x00000000       0x18 .\CortexM3\ARM_GCC_541\Debug\2020-Control-Scheme.a(CyLib.o)
 .text.CyXTAL_SetWdVoltage
                0x00000000       0x18 .\CortexM3\ARM_GCC_541\Debug\2020-Control-Scheme.a(CyLib.o)
 .text.CyHalt   0x00000000        0x4 .\CortexM3\ARM_GCC_541\Debug\2020-Control-Scheme.a(CyLib.o)
 .text.CyPLL_OUT_SetPQ
                0x00000000       0x60 .\CortexM3\ARM_GCC_541\Debug\2020-Control-Scheme.a(CyLib.o)
 .text.CyPLL_OUT_SetSource
                0x00000000       0x34 .\CortexM3\ARM_GCC_541\Debug\2020-Control-Scheme.a(CyLib.o)
 .text.CyIMO_SetTrimValue
                0x00000000       0xcc .\CortexM3\ARM_GCC_541\Debug\2020-Control-Scheme.a(CyLib.o)
 .text.CyIMO_SetFreq
                0x00000000       0xf4 .\CortexM3\ARM_GCC_541\Debug\2020-Control-Scheme.a(CyLib.o)
 .text.CyIMO_SetSource
                0x00000000       0x58 .\CortexM3\ARM_GCC_541\Debug\2020-Control-Scheme.a(CyLib.o)
 .text.CySoftwareReset
                0x00000000       0x10 .\CortexM3\ARM_GCC_541\Debug\2020-Control-Scheme.a(CyLib.o)
 .text.CyDelayUs
                0x00000000       0x14 .\CortexM3\ARM_GCC_541\Debug\2020-Control-Scheme.a(CyLib.o)
 .text.CyXTAL_32KHZ_SetPowerMode
                0x00000000       0x84 .\CortexM3\ARM_GCC_541\Debug\2020-Control-Scheme.a(CyLib.o)
 .text.CyXTAL_32KHZ_Start
                0x00000000       0x74 .\CortexM3\ARM_GCC_541\Debug\2020-Control-Scheme.a(CyLib.o)
 .text.CyDelayFreq
                0x00000000       0x4c .\CortexM3\ARM_GCC_541\Debug\2020-Control-Scheme.a(CyLib.o)
 .text.CyWdtStart
                0x00000000       0x40 .\CortexM3\ARM_GCC_541\Debug\2020-Control-Scheme.a(CyLib.o)
 .text.CyWdtClear
                0x00000000        0xc .\CortexM3\ARM_GCC_541\Debug\2020-Control-Scheme.a(CyLib.o)
 .text.CyVdStickyStatus
                0x00000000       0x2c .\CortexM3\ARM_GCC_541\Debug\2020-Control-Scheme.a(CyLib.o)
 .text.CyVdLvDigitEnable
                0x00000000       0x84 .\CortexM3\ARM_GCC_541\Debug\2020-Control-Scheme.a(CyLib.o)
 .text.CyVdLvAnalogEnable
                0x00000000       0x80 .\CortexM3\ARM_GCC_541\Debug\2020-Control-Scheme.a(CyLib.o)
 .text.CyVdLvDigitDisable
                0x00000000       0x30 .\CortexM3\ARM_GCC_541\Debug\2020-Control-Scheme.a(CyLib.o)
 .text.CyVdLvAnalogDisable
                0x00000000       0x28 .\CortexM3\ARM_GCC_541\Debug\2020-Control-Scheme.a(CyLib.o)
 .text.CyVdHvAnalogEnable
                0x00000000       0x54 .\CortexM3\ARM_GCC_541\Debug\2020-Control-Scheme.a(CyLib.o)
 .text.CyVdHvAnalogDisable
                0x00000000       0x20 .\CortexM3\ARM_GCC_541\Debug\2020-Control-Scheme.a(CyLib.o)
 .text.CyVdRealTimeStatus
                0x00000000       0x1c .\CortexM3\ARM_GCC_541\Debug\2020-Control-Scheme.a(CyLib.o)
 .text.CyDisableInts
                0x00000000       0x1c .\CortexM3\ARM_GCC_541\Debug\2020-Control-Scheme.a(CyLib.o)
 .text.CyEnableInts
                0x00000000       0x18 .\CortexM3\ARM_GCC_541\Debug\2020-Control-Scheme.a(CyLib.o)
 .text.CyFlushCache
                0x00000000       0x44 .\CortexM3\ARM_GCC_541\Debug\2020-Control-Scheme.a(CyLib.o)
 .text.CyIntSetSysVector
                0x00000000       0x28 .\CortexM3\ARM_GCC_541\Debug\2020-Control-Scheme.a(CyLib.o)
 .text.CyIntGetSysVector
                0x00000000       0x20 .\CortexM3\ARM_GCC_541\Debug\2020-Control-Scheme.a(CyLib.o)
 .text.CyIntSetVector
                0x00000000       0x28 .\CortexM3\ARM_GCC_541\Debug\2020-Control-Scheme.a(CyLib.o)
 .text.CyIntGetVector
                0x00000000       0x24 .\CortexM3\ARM_GCC_541\Debug\2020-Control-Scheme.a(CyLib.o)
 .text.CyIntSetPriority
                0x00000000       0x30 .\CortexM3\ARM_GCC_541\Debug\2020-Control-Scheme.a(CyLib.o)
 .text.CyIntGetPriority
                0x00000000       0x20 .\CortexM3\ARM_GCC_541\Debug\2020-Control-Scheme.a(CyLib.o)
 .text.CyIntGetState
                0x00000000       0x24 .\CortexM3\ARM_GCC_541\Debug\2020-Control-Scheme.a(CyLib.o)
 .text.CySysTickStop
                0x00000000       0x10 .\CortexM3\ARM_GCC_541\Debug\2020-Control-Scheme.a(CyLib.o)
 .text.CySysTickEnableInterrupt
                0x00000000       0x10 .\CortexM3\ARM_GCC_541\Debug\2020-Control-Scheme.a(CyLib.o)
 .text.CySysTickEnable
                0x00000000       0x18 .\CortexM3\ARM_GCC_541\Debug\2020-Control-Scheme.a(CyLib.o)
 .text.CySysTickDisableInterrupt
                0x00000000       0x10 .\CortexM3\ARM_GCC_541\Debug\2020-Control-Scheme.a(CyLib.o)
 .text.CySysTickSetReload
                0x00000000       0x10 .\CortexM3\ARM_GCC_541\Debug\2020-Control-Scheme.a(CyLib.o)
 .text.CySysTickGetReload
                0x00000000       0x10 .\CortexM3\ARM_GCC_541\Debug\2020-Control-Scheme.a(CyLib.o)
 .text.CySysTickGetValue
                0x00000000       0x10 .\CortexM3\ARM_GCC_541\Debug\2020-Control-Scheme.a(CyLib.o)
 .text.CySysTickSetClockSource
                0x00000000       0x20 .\CortexM3\ARM_GCC_541\Debug\2020-Control-Scheme.a(CyLib.o)
 .text.CySysTickGetClockSource
                0x00000000       0x10 .\CortexM3\ARM_GCC_541\Debug\2020-Control-Scheme.a(CyLib.o)
 .text.CySysTickGetCountFlag
                0x00000000       0x10 .\CortexM3\ARM_GCC_541\Debug\2020-Control-Scheme.a(CyLib.o)
 .text.CySysTickServiceCallbacks
                0x00000000       0x28 .\CortexM3\ARM_GCC_541\Debug\2020-Control-Scheme.a(CyLib.o)
 .text.CySysTickClear
                0x00000000        0xc .\CortexM3\ARM_GCC_541\Debug\2020-Control-Scheme.a(CyLib.o)
 .text.CySysTickInit
                0x00000000       0x58 .\CortexM3\ARM_GCC_541\Debug\2020-Control-Scheme.a(CyLib.o)
 .text.CySysTickStart
                0x00000000       0x1c .\CortexM3\ARM_GCC_541\Debug\2020-Control-Scheme.a(CyLib.o)
 .text.CySysTickSetCallback
                0x00000000       0x10 .\CortexM3\ARM_GCC_541\Debug\2020-Control-Scheme.a(CyLib.o)
 .text.CySysTickGetCallback
                0x00000000       0x10 .\CortexM3\ARM_GCC_541\Debug\2020-Control-Scheme.a(CyLib.o)
 .text.CyGetUniqueId
                0x00000000       0x70 .\CortexM3\ARM_GCC_541\Debug\2020-Control-Scheme.a(CyLib.o)
 .text          0x00000000        0x0 .\CortexM3\ARM_GCC_541\Debug\2020-Control-Scheme.a(cyPm.o)
 .data          0x00000000        0x0 .\CortexM3\ARM_GCC_541\Debug\2020-Control-Scheme.a(cyPm.o)
 .bss           0x00000000       0x43 .\CortexM3\ARM_GCC_541\Debug\2020-Control-Scheme.a(cyPm.o)
 .text.CyPmHibSlpSaveSet
                0x00000000      0x1dc .\CortexM3\ARM_GCC_541\Debug\2020-Control-Scheme.a(cyPm.o)
 .text.CyPmHibSlpRestore
                0x00000000       0xd8 .\CortexM3\ARM_GCC_541\Debug\2020-Control-Scheme.a(cyPm.o)
 .text.CyPmHviLviSaveDisable
                0x00000000       0xa0 .\CortexM3\ARM_GCC_541\Debug\2020-Control-Scheme.a(cyPm.o)
 .text.CyPmHibSaveSet
                0x00000000       0x98 .\CortexM3\ARM_GCC_541\Debug\2020-Control-Scheme.a(cyPm.o)
 .text.CyPmHviLviRestore
                0x00000000       0x48 .\CortexM3\ARM_GCC_541\Debug\2020-Control-Scheme.a(cyPm.o)
 .text.CyPmHibRestore
                0x00000000       0x60 .\CortexM3\ARM_GCC_541\Debug\2020-Control-Scheme.a(cyPm.o)
 .text.CyPmSaveClocks
                0x00000000      0x218 .\CortexM3\ARM_GCC_541\Debug\2020-Control-Scheme.a(cyPm.o)
 .text.CyPmRestoreClocks
                0x00000000      0x24c .\CortexM3\ARM_GCC_541\Debug\2020-Control-Scheme.a(cyPm.o)
 .text.CyPmAltAct
                0x00000000       0x6c .\CortexM3\ARM_GCC_541\Debug\2020-Control-Scheme.a(cyPm.o)
 .text.CyPmSleep
                0x00000000       0xf4 .\CortexM3\ARM_GCC_541\Debug\2020-Control-Scheme.a(cyPm.o)
 .text.CyPmHibernateEx
                0x00000000       0xf4 .\CortexM3\ARM_GCC_541\Debug\2020-Control-Scheme.a(cyPm.o)
 .text.CyPmHibernate
                0x00000000        0xc .\CortexM3\ARM_GCC_541\Debug\2020-Control-Scheme.a(cyPm.o)
 .text.CyPmReadStatus
                0x00000000       0x30 .\CortexM3\ARM_GCC_541\Debug\2020-Control-Scheme.a(cyPm.o)
 .text.CyPmCtwSetInterval
                0x00000000       0x5c .\CortexM3\ARM_GCC_541\Debug\2020-Control-Scheme.a(cyPm.o)
 .text.CyPmOppsSet
                0x00000000       0x2c .\CortexM3\ARM_GCC_541\Debug\2020-Control-Scheme.a(cyPm.o)
 .text.CyPmFtwSetInterval
                0x00000000       0x5c .\CortexM3\ARM_GCC_541\Debug\2020-Control-Scheme.a(cyPm.o)
 .rodata        0x00000000        0xf .\CortexM3\ARM_GCC_541\Debug\2020-Control-Scheme.a(cyPm.o)
 .data          0x00000000        0x0 .\CortexM3\ARM_GCC_541\Debug\2020-Control-Scheme.a(CyBootAsmGnu.o)
 .bss           0x00000000        0x0 .\CortexM3\ARM_GCC_541\Debug\2020-Control-Scheme.a(CyBootAsmGnu.o)
 .text          0x00000000        0x0 .\CortexM3\ARM_GCC_541\Debug\2020-Control-Scheme.a(USB_cls.o)
 .data          0x00000000        0x0 .\CortexM3\ARM_GCC_541\Debug\2020-Control-Scheme.a(USB_cls.o)
 .bss           0x00000000        0x0 .\CortexM3\ARM_GCC_541\Debug\2020-Control-Scheme.a(USB_cls.o)
 .text.USB_DispatchClassRqst
                0x00000000       0x60 .\CortexM3\ARM_GCC_541\Debug\2020-Control-Scheme.a(USB_cls.o)
 .text          0x00000000        0x0 .\CortexM3\ARM_GCC_541\Debug\2020-Control-Scheme.a(USB_descr.o)
 .data          0x00000000        0x0 .\CortexM3\ARM_GCC_541\Debug\2020-Control-Scheme.a(USB_descr.o)
 .bss           0x00000000        0x0 .\CortexM3\ARM_GCC_541\Debug\2020-Control-Scheme.a(USB_descr.o)
 .rodata        0x00000000      0x126 .\CortexM3\ARM_GCC_541\Debug\2020-Control-Scheme.a(USB_descr.o)
 COMMON         0x00000000        0xf .\CortexM3\ARM_GCC_541\Debug\2020-Control-Scheme.a(USB_descr.o)
 .text          0x00000000        0x0 .\CortexM3\ARM_GCC_541\Debug\2020-Control-Scheme.a(CyFlash.o)
 .data          0x00000000        0x0 .\CortexM3\ARM_GCC_541\Debug\2020-Control-Scheme.a(CyFlash.o)
 .bss           0x00000000        0x0 .\CortexM3\ARM_GCC_541\Debug\2020-Control-Scheme.a(CyFlash.o)
 .text.CySetTempInt
                0x00000000       0x60 .\CortexM3\ARM_GCC_541\Debug\2020-Control-Scheme.a(CyFlash.o)
 .text.CyFlash_Start
                0x00000000       0x54 .\CortexM3\ARM_GCC_541\Debug\2020-Control-Scheme.a(CyFlash.o)
 .text.CyFlash_Stop
                0x00000000       0x24 .\CortexM3\ARM_GCC_541\Debug\2020-Control-Scheme.a(CyFlash.o)
 .text.CyFlash_EraseRow
                0x00000000       0x78 .\CortexM3\ARM_GCC_541\Debug\2020-Control-Scheme.a(CyFlash.o)
 .text.CyFlashGetSpcAlgorithm
                0x00000000       0x4c .\CortexM3\ARM_GCC_541\Debug\2020-Control-Scheme.a(CyFlash.o)
 .text.CySetTemp
                0x00000000       0x14 .\CortexM3\ARM_GCC_541\Debug\2020-Control-Scheme.a(CyFlash.o)
 .text.CySetFlashEEBuffer
                0x00000000       0x20 .\CortexM3\ARM_GCC_541\Debug\2020-Control-Scheme.a(CyFlash.o)
 .text.CyWriteRowFull
                0x00000000       0xf8 .\CortexM3\ARM_GCC_541\Debug\2020-Control-Scheme.a(CyFlash.o)
 .text.CyWriteRowData
                0x00000000       0x14 .\CortexM3\ARM_GCC_541\Debug\2020-Control-Scheme.a(CyFlash.o)
 .text.CyFlash_SetWaitCycles
                0x00000000       0x7c .\CortexM3\ARM_GCC_541\Debug\2020-Control-Scheme.a(CyFlash.o)
 .text.CyEEPROM_Start
                0x00000000       0x54 .\CortexM3\ARM_GCC_541\Debug\2020-Control-Scheme.a(CyFlash.o)
 .text.CyEEPROM_Stop
                0x00000000       0x24 .\CortexM3\ARM_GCC_541\Debug\2020-Control-Scheme.a(CyFlash.o)
 .text.CyEEPROM_ReadReserve
                0x00000000       0x1c .\CortexM3\ARM_GCC_541\Debug\2020-Control-Scheme.a(CyFlash.o)
 .text.CyEEPROM_ReadRelease
                0x00000000       0x10 .\CortexM3\ARM_GCC_541\Debug\2020-Control-Scheme.a(CyFlash.o)
 COMMON         0x00000000        0x2 .\CortexM3\ARM_GCC_541\Debug\2020-Control-Scheme.a(CyFlash.o)
 .text          0x00000000        0x0 .\CortexM3\ARM_GCC_541\Debug\2020-Control-Scheme.a(CySpc.o)
 .data          0x00000000        0x0 .\CortexM3\ARM_GCC_541\Debug\2020-Control-Scheme.a(CySpc.o)
 .bss           0x00000000        0x8 .\CortexM3\ARM_GCC_541\Debug\2020-Control-Scheme.a(CySpc.o)
 .text.CySpcStart
                0x00000000       0x24 .\CortexM3\ARM_GCC_541\Debug\2020-Control-Scheme.a(CySpc.o)
 .text.CySpcStop
                0x00000000       0x24 .\CortexM3\ARM_GCC_541\Debug\2020-Control-Scheme.a(CySpc.o)
 .text.CySpcReadData
                0x00000000       0x34 .\CortexM3\ARM_GCC_541\Debug\2020-Control-Scheme.a(CySpc.o)
 .text.CySpcLoadMultiByte
                0x00000000       0x78 .\CortexM3\ARM_GCC_541\Debug\2020-Control-Scheme.a(CySpc.o)
 .text.CySpcLoadRow
                0x00000000       0x50 .\CortexM3\ARM_GCC_541\Debug\2020-Control-Scheme.a(CySpc.o)
 .text.CySpcLoadRowFull
                0x00000000       0x80 .\CortexM3\ARM_GCC_541\Debug\2020-Control-Scheme.a(CySpc.o)
 .text.CySpcWriteRow
                0x00000000       0x4c .\CortexM3\ARM_GCC_541\Debug\2020-Control-Scheme.a(CySpc.o)
 .text.CySpcEraseSector
                0x00000000       0x3c .\CortexM3\ARM_GCC_541\Debug\2020-Control-Scheme.a(CySpc.o)
 .text.CySpcEraseRow
                0x00000000       0x4c .\CortexM3\ARM_GCC_541\Debug\2020-Control-Scheme.a(CySpc.o)
 .text.CySpcGetTemp
                0x00000000       0x3c .\CortexM3\ARM_GCC_541\Debug\2020-Control-Scheme.a(CySpc.o)
 .text.CySpcLock
                0x00000000       0x4c .\CortexM3\ARM_GCC_541\Debug\2020-Control-Scheme.a(CySpc.o)
 .text.CySpcUnlock
                0x00000000       0x38 .\CortexM3\ARM_GCC_541\Debug\2020-Control-Scheme.a(CySpc.o)
 .text.CySpcGetAlgorithm
                0x00000000       0x28 .\CortexM3\ARM_GCC_541\Debug\2020-Control-Scheme.a(CySpc.o)
 .text          0x00000000        0x0 c:/program files (x86)/cypress/psoc creator/4.2/psoc creator/import/gnu/arm/5.4.1/bin/../lib/gcc/arm-none-eabi/5.4.1/../../../../arm-none-eabi/lib/armv7-m\libg_nano.a(lib_a-errno.o)
 .data          0x00000000        0x0 c:/program files (x86)/cypress/psoc creator/4.2/psoc creator/import/gnu/arm/5.4.1/bin/../lib/gcc/arm-none-eabi/5.4.1/../../../../arm-none-eabi/lib/armv7-m\libg_nano.a(lib_a-errno.o)
 .bss           0x00000000        0x0 c:/program files (x86)/cypress/psoc creator/4.2/psoc creator/import/gnu/arm/5.4.1/bin/../lib/gcc/arm-none-eabi/5.4.1/../../../../arm-none-eabi/lib/armv7-m\libg_nano.a(lib_a-errno.o)
 .text          0x00000000        0x0 c:/program files (x86)/cypress/psoc creator/4.2/psoc creator/import/gnu/arm/5.4.1/bin/../lib/gcc/arm-none-eabi/5.4.1/../../../../arm-none-eabi/lib/armv7-m\libg_nano.a(lib_a-exit.o)
 .data          0x00000000        0x0 c:/program files (x86)/cypress/psoc creator/4.2/psoc creator/import/gnu/arm/5.4.1/bin/../lib/gcc/arm-none-eabi/5.4.1/../../../../arm-none-eabi/lib/armv7-m\libg_nano.a(lib_a-exit.o)
 .bss           0x00000000        0x0 c:/program files (x86)/cypress/psoc creator/4.2/psoc creator/import/gnu/arm/5.4.1/bin/../lib/gcc/arm-none-eabi/5.4.1/../../../../arm-none-eabi/lib/armv7-m\libg_nano.a(lib_a-exit.o)
 .text.exit     0x00000000       0x28 c:/program files (x86)/cypress/psoc creator/4.2/psoc creator/import/gnu/arm/5.4.1/bin/../lib/gcc/arm-none-eabi/5.4.1/../../../../arm-none-eabi/lib/armv7-m\libg_nano.a(lib_a-exit.o)
 .text          0x00000000        0x0 c:/program files (x86)/cypress/psoc creator/4.2/psoc creator/import/gnu/arm/5.4.1/bin/../lib/gcc/arm-none-eabi/5.4.1/../../../../arm-none-eabi/lib/armv7-m\libg_nano.a(lib_a-impure.o)
 .data          0x00000000        0x0 c:/program files (x86)/cypress/psoc creator/4.2/psoc creator/import/gnu/arm/5.4.1/bin/../lib/gcc/arm-none-eabi/5.4.1/../../../../arm-none-eabi/lib/armv7-m\libg_nano.a(lib_a-impure.o)
 .bss           0x00000000        0x0 c:/program files (x86)/cypress/psoc creator/4.2/psoc creator/import/gnu/arm/5.4.1/bin/../lib/gcc/arm-none-eabi/5.4.1/../../../../arm-none-eabi/lib/armv7-m\libg_nano.a(lib_a-impure.o)
 .rodata._global_impure_ptr
                0x00000000        0x4 c:/program files (x86)/cypress/psoc creator/4.2/psoc creator/import/gnu/arm/5.4.1/bin/../lib/gcc/arm-none-eabi/5.4.1/../../../../arm-none-eabi/lib/armv7-m\libg_nano.a(lib_a-impure.o)
 .text          0x00000000        0x0 c:/program files (x86)/cypress/psoc creator/4.2/psoc creator/import/gnu/arm/5.4.1/bin/../lib/gcc/arm-none-eabi/5.4.1/../../../../arm-none-eabi/lib/armv7-m\libg_nano.a(lib_a-init.o)
 .data          0x00000000        0x0 c:/program files (x86)/cypress/psoc creator/4.2/psoc creator/import/gnu/arm/5.4.1/bin/../lib/gcc/arm-none-eabi/5.4.1/../../../../arm-none-eabi/lib/armv7-m\libg_nano.a(lib_a-init.o)
 .bss           0x00000000        0x0 c:/program files (x86)/cypress/psoc creator/4.2/psoc creator/import/gnu/arm/5.4.1/bin/../lib/gcc/arm-none-eabi/5.4.1/../../../../arm-none-eabi/lib/armv7-m\libg_nano.a(lib_a-init.o)
 .text          0x00000000        0x0 c:/program files (x86)/cypress/psoc creator/4.2/psoc creator/import/gnu/arm/5.4.1/bin/../lib/gcc/arm-none-eabi/5.4.1/../../../../arm-none-eabi/lib/armv7-m\libg_nano.a(lib_a-memcpy-stub.o)
 .data          0x00000000        0x0 c:/program files (x86)/cypress/psoc creator/4.2/psoc creator/import/gnu/arm/5.4.1/bin/../lib/gcc/arm-none-eabi/5.4.1/../../../../arm-none-eabi/lib/armv7-m\libg_nano.a(lib_a-memcpy-stub.o)
 .bss           0x00000000        0x0 c:/program files (x86)/cypress/psoc creator/4.2/psoc creator/import/gnu/arm/5.4.1/bin/../lib/gcc/arm-none-eabi/5.4.1/../../../../arm-none-eabi/lib/armv7-m\libg_nano.a(lib_a-memcpy-stub.o)
 .text          0x00000000        0x0 c:/program files (x86)/cypress/psoc creator/4.2/psoc creator/import/gnu/arm/5.4.1/bin/../lib/gcc/arm-none-eabi/5.4.1/../../../../arm-none-eabi/lib/armv7-m\libg_nano.a(lib_a-memset.o)
 .data          0x00000000        0x0 c:/program files (x86)/cypress/psoc creator/4.2/psoc creator/import/gnu/arm/5.4.1/bin/../lib/gcc/arm-none-eabi/5.4.1/../../../../arm-none-eabi/lib/armv7-m\libg_nano.a(lib_a-memset.o)
 .bss           0x00000000        0x0 c:/program files (x86)/cypress/psoc creator/4.2/psoc creator/import/gnu/arm/5.4.1/bin/../lib/gcc/arm-none-eabi/5.4.1/../../../../arm-none-eabi/lib/armv7-m\libg_nano.a(lib_a-memset.o)
 .text          0x00000000        0x0 c:/program files (x86)/cypress/psoc creator/4.2/psoc creator/import/gnu/arm/5.4.1/bin/../lib/gcc/arm-none-eabi/5.4.1/armv7-m/crtend.o
 .data          0x00000000        0x0 c:/program files (x86)/cypress/psoc creator/4.2/psoc creator/import/gnu/arm/5.4.1/bin/../lib/gcc/arm-none-eabi/5.4.1/armv7-m/crtend.o
 .bss           0x00000000        0x0 c:/program files (x86)/cypress/psoc creator/4.2/psoc creator/import/gnu/arm/5.4.1/bin/../lib/gcc/arm-none-eabi/5.4.1/armv7-m/crtend.o
 .text          0x00000000        0x0 c:/program files (x86)/cypress/psoc creator/4.2/psoc creator/import/gnu/arm/5.4.1/bin/../lib/gcc/arm-none-eabi/5.4.1/armv7-m/crtn.o
 .data          0x00000000        0x0 c:/program files (x86)/cypress/psoc creator/4.2/psoc creator/import/gnu/arm/5.4.1/bin/../lib/gcc/arm-none-eabi/5.4.1/armv7-m/crtn.o
 .bss           0x00000000        0x0 c:/program files (x86)/cypress/psoc creator/4.2/psoc creator/import/gnu/arm/5.4.1/bin/../lib/gcc/arm-none-eabi/5.4.1/armv7-m/crtn.o

Memory Configuration

Name             Origin             Length             Attributes
rom              0x00000000         0x00040000         xr
ram              0x1fff8000         0x00010000         xrw
*default*        0x00000000         0xffffffff

Linker script and memory map

LOAD c:/program files (x86)/cypress/psoc creator/4.2/psoc creator/import/gnu/arm/5.4.1/bin/../lib/gcc/arm-none-eabi/5.4.1/armv7-m/crti.o
LOAD c:/program files (x86)/cypress/psoc creator/4.2/psoc creator/import/gnu/arm/5.4.1/bin/../lib/gcc/arm-none-eabi/5.4.1/armv7-m/crtbegin.o
LOAD c:/program files (x86)/cypress/psoc creator/4.2/psoc creator/import/gnu/arm/5.4.1/bin/../lib/gcc/arm-none-eabi/5.4.1/../../../../arm-none-eabi/lib/armv7-m/crt0.o
START GROUP
LOAD .\CortexM3\ARM_GCC_541\Debug\main.o
LOAD .\CortexM3\ARM_GCC_541\Debug\cyfitter_cfg.o
LOAD .\CortexM3\ARM_GCC_541\Debug\cymetadata.o
LOAD .\CortexM3\ARM_GCC_541\Debug\Cm3Start.o
LOAD .\CortexM3\ARM_GCC_541\Debug\2020-Control-Scheme.a
LOAD C:\Program Files (x86)\Cypress\PSoC Creator\4.2\PSoC Creator\psoc\content\cycomponentlibrary\CyComponentLibrary.cylib\CortexM3\ARM_GCC_541\Debug\CyComponentLibrary.a
END GROUP
START GROUP
LOAD c:/program files (x86)/cypress/psoc creator/4.2/psoc creator/import/gnu/arm/5.4.1/bin/../lib/gcc/arm-none-eabi/5.4.1/armv7-m\libgcc.a
LOAD c:/program files (x86)/cypress/psoc creator/4.2/psoc creator/import/gnu/arm/5.4.1/bin/../lib/gcc/arm-none-eabi/5.4.1/../../../../arm-none-eabi/lib/armv7-m\libg_nano.a
LOAD c:/program files (x86)/cypress/psoc creator/4.2/psoc creator/import/gnu/arm/5.4.1/bin/../lib/gcc/arm-none-eabi/5.4.1/../../../../arm-none-eabi/lib/armv7-m\libc_nano.a
END GROUP
START GROUP
LOAD c:/program files (x86)/cypress/psoc creator/4.2/psoc creator/import/gnu/arm/5.4.1/bin/../lib/gcc/arm-none-eabi/5.4.1/armv7-m\libgcc.a
LOAD c:/program files (x86)/cypress/psoc creator/4.2/psoc creator/import/gnu/arm/5.4.1/bin/../lib/gcc/arm-none-eabi/5.4.1/../../../../arm-none-eabi/lib/armv7-m\libc_nano.a
END GROUP
LOAD c:/program files (x86)/cypress/psoc creator/4.2/psoc creator/import/gnu/arm/5.4.1/bin/../lib/gcc/arm-none-eabi/5.4.1/armv7-m/crtend.o
LOAD c:/program files (x86)/cypress/psoc creator/4.2/psoc creator/import/gnu/arm/5.4.1/bin/../lib/gcc/arm-none-eabi/5.4.1/armv7-m/crtn.o
START GROUP
LOAD c:/program files (x86)/cypress/psoc creator/4.2/psoc creator/import/gnu/arm/5.4.1/bin/../lib/gcc/arm-none-eabi/5.4.1/armv7-m\libgcc.a
LOAD c:/program files (x86)/cypress/psoc creator/4.2/psoc creator/import/gnu/arm/5.4.1/bin/../lib/gcc/arm-none-eabi/5.4.1/../../../../arm-none-eabi/lib/armv7-m\libc.a
LOAD c:/program files (x86)/cypress/psoc creator/4.2/psoc creator/import/gnu/arm/5.4.1/bin/../lib/gcc/arm-none-eabi/5.4.1/../../../../arm-none-eabi/lib/armv7-m\libnosys.a
END GROUP
                0x00000000                CY_APPL_ORIGIN = 0x0
                0x00000100                CY_FLASH_ROW_SIZE = 0x100
                0x00000020                CY_ECC_ROW_SIZE = 0x20
                0x00000000                CY_EE_IN_BTLDR = 0x0
                0x00000000                CY_APPL_LOADABLE = 0x0
                0x00000800                CY_EE_SIZE = 0x800
                0x00000001                CY_APPL_NUM = 0x1
                0x00000001                CY_APPL_MAX = 0x1
                0x00000040                CY_METADATA_SIZE = 0x40
                0x00000000                CY_APPL_LOADABLE = 0x0
                0x00000000                CY_CHECKSUM_EXCLUDE_SIZE = ALIGN (0x0, CY_FLASH_ROW_SIZE)
                [!provide]                PROVIDE (__cy_heap_start, _end)
                0x00000001                PROVIDE (__cy_region_num, ((__cy_regions_end - __cy_regions) / 0x10))
                0x20008000                PROVIDE (__cy_stack, (ORIGIN (ram) + LENGTH (ram)))
                [!provide]                PROVIDE (__cy_heap_end, (__cy_stack - 0x800))

.cybootloader   0x00000000        0x0
 *(.cybootloader)
                0x00000000                appl1_start = CY_APPL_ORIGIN?CY_APPL_ORIGIN:ALIGN (CY_FLASH_ROW_SIZE)
                0x0001ff00                appl2_start = (appl1_start + ALIGN ((((LENGTH (rom) - appl1_start) - (0x2 * CY_FLASH_ROW_SIZE)) / 0x2), CY_FLASH_ROW_SIZE))
                0x00000000                appl_start = (CY_APPL_NUM == 0x1)?appl1_start:appl2_start
                0x00000000                ecc_offset = ((appl_start / CY_FLASH_ROW_SIZE) * CY_ECC_ROW_SIZE)
                0x00000000                ee_offset = (CY_APPL_LOADABLE && ! (CY_EE_IN_BTLDR))?((CY_EE_SIZE / CY_APPL_MAX) * (CY_APPL_NUM - 0x1)):0x0
                0x00000800                ee_size = (CY_APPL_LOADABLE && ! (CY_EE_IN_BTLDR))?(CY_EE_SIZE / CY_APPL_MAX):CY_EE_SIZE
                [!provide]                PROVIDE (CY_ECC_OFFSET, ecc_offset)

.text           0x00000000      0x656
 CREATE_OBJECT_SYMBOLS
                0x00000000                PROVIDE (__cy_interrupt_vector, RomVectors)
 *(.romvectors)
 .romvectors    0x00000000       0x10 .\CortexM3\ARM_GCC_541\Debug\Cm3Start.o
                0x00000000                RomVectors
                0x00000001                ASSERT ((. != __cy_interrupt_vector), No interrupt vector)
                0x00000001                ASSERT (CY_APPL_ORIGIN?(SIZEOF (.cybootloader) <= CY_APPL_ORIGIN):0x1, Wrong image location)
                0x00000010                PROVIDE (__cy_reset, Reset)
 *(.text.Reset)
 .text.Reset    0x00000010       0x18 .\CortexM3\ARM_GCC_541\Debug\Cm3Start.o
                0x00000010                Reset
                0x00000001                ASSERT ((. != __cy_reset), No reset code)
 *(.dma_init)
                0x00000001                ASSERT ((((appl_start + .) <= 0x10000) || 0x1), DMA Init must be within the first 64k of flash)
 *(.text .text.* .gnu.linkonce.t.*)
 .text          0x00000028       0x5c c:/program files (x86)/cypress/psoc creator/4.2/psoc creator/import/gnu/arm/5.4.1/bin/../lib/gcc/arm-none-eabi/5.4.1/armv7-m/crtbegin.o
 .text.read_buttons
                0x00000084        0xc .\CortexM3\ARM_GCC_541\Debug\main.o
                0x00000084                read_buttons
 .text.main     0x00000090       0x60 .\CortexM3\ARM_GCC_541\Debug\main.o
                0x00000090                main
 .text.CyClockStartupError
                0x000000f0        0x4 .\CortexM3\ARM_GCC_541\Debug\cyfitter_cfg.o
 .text.cfg_write_bytes32
                0x000000f4       0x34 .\CortexM3\ARM_GCC_541\Debug\cyfitter_cfg.o
 .text.AnalogSetDefault
                0x00000128       0x28 .\CortexM3\ARM_GCC_541\Debug\cyfitter_cfg.o
 .text.CYMEMZERO
                0x00000150        0xc .\CortexM3\ARM_GCC_541\Debug\cyfitter_cfg.o
 .text.ClockSetup
                0x0000015c       0xbc .\CortexM3\ARM_GCC_541\Debug\cyfitter_cfg.o
 .text.CYCONFIGCPY
                0x00000218        0x8 .\CortexM3\ARM_GCC_541\Debug\cyfitter_cfg.o
 .text.cyfitter_cfg
                0x00000220      0x108 .\CortexM3\ARM_GCC_541\Debug\cyfitter_cfg.o
                0x00000220                cyfitter_cfg
 .text.IntDefaultHandler
                0x00000328       0x10 .\CortexM3\ARM_GCC_541\Debug\Cm3Start.o
                0x00000328                IntDefaultHandler
 .text.Start_c  0x00000338       0x4c .\CortexM3\ARM_GCC_541\Debug\Cm3Start.o
                0x00000338                Start_c
 .text.initialize_psoc
                0x00000384       0x68 .\CortexM3\ARM_GCC_541\Debug\Cm3Start.o
                0x00000384                initialize_psoc
 .text.led_Write
                0x000003ec       0x18 .\CortexM3\ARM_GCC_541\Debug\2020-Control-Scheme.a(led.o)
                0x000003ec                led_Write
 .text.USB_GetEPState
                0x00000404       0x14 .\CortexM3\ARM_GCC_541\Debug\2020-Control-Scheme.a(USB.o)
                0x00000404                USB_GetEPState
 .text.USB_GetEPCount
                0x00000418       0x28 .\CortexM3\ARM_GCC_541\Debug\2020-Control-Scheme.a(USB.o)
                0x00000418                USB_GetEPCount
 .text.USB_LoadInEP
                0x00000440       0x94 .\CortexM3\ARM_GCC_541\Debug\2020-Control-Scheme.a(USB.o)
                0x00000440                USB_LoadInEP
 .text.USB_EnableOutEP
                0x000004d4       0x2c .\CortexM3\ARM_GCC_541\Debug\2020-Control-Scheme.a(USB.o)
                0x000004d4                USB_EnableOutEP
 .text.USB_ReadOutEP
                0x00000500       0x50 .\CortexM3\ARM_GCC_541\Debug\2020-Control-Scheme.a(USB.o)
                0x00000500                USB_ReadOutEP
 .text.USB_GetEPAckState
                0x00000550       0x20 .\CortexM3\ARM_GCC_541\Debug\2020-Control-Scheme.a(USB.o)
                0x00000550                USB_GetEPAckState
 .text.Status_1_8_Read
                0x00000570        0xc .\CortexM3\ARM_GCC_541\Debug\2020-Control-Scheme.a(Status_1_8.o)
                0x00000570                Status_1_8_Read
 .text.Status_9_11_Read
                0x0000057c        0xc .\CortexM3\ARM_GCC_541\Debug\2020-Control-Scheme.a(Status_9_11.o)
                0x0000057c                Status_9_11_Read
 .text.CyDelay  0x00000588       0x2c .\CortexM3\ARM_GCC_541\Debug\2020-Control-Scheme.a(CyLib.o)
                0x00000588                CyDelay
 *fill*         0x000005b4        0x4 
 .text          0x000005b8       0x20 .\CortexM3\ARM_GCC_541\Debug\2020-Control-Scheme.a(CyBootAsmGnu.o)
                0x000005b8                CyDelayCycles
                0x000005c8                CyEnterCriticalSection
                0x000005d0                CyExitCriticalSection
 .text.__errno  0x000005d8        0xc c:/program files (x86)/cypress/psoc creator/4.2/psoc creator/import/gnu/arm/5.4.1/bin/../lib/gcc/arm-none-eabi/5.4.1/../../../../arm-none-eabi/lib/armv7-m\libg_nano.a(lib_a-errno.o)
                0x000005d8                __errno
 .text.__libc_init_array
                0x000005e4       0x4c c:/program files (x86)/cypress/psoc creator/4.2/psoc creator/import/gnu/arm/5.4.1/bin/../lib/gcc/arm-none-eabi/5.4.1/../../../../arm-none-eabi/lib/armv7-m\libg_nano.a(lib_a-init.o)
                0x000005e4                __libc_init_array
 .text.memcpy   0x00000630       0x16 c:/program files (x86)/cypress/psoc creator/4.2/psoc creator/import/gnu/arm/5.4.1/bin/../lib/gcc/arm-none-eabi/5.4.1/../../../../arm-none-eabi/lib/armv7-m\libg_nano.a(lib_a-memcpy-stub.o)
                0x00000630                memcpy
 .text.memset   0x00000646       0x10 c:/program files (x86)/cypress/psoc creator/4.2/psoc creator/import/gnu/arm/5.4.1/bin/../lib/gcc/arm-none-eabi/5.4.1/../../../../arm-none-eabi/lib/armv7-m\libg_nano.a(lib_a-memset.o)
                0x00000646                memset
 *(.plt)
 *(.gnu.warning)
 *(.glue_7t)
 .glue_7t       0x00000656        0x0 linker stubs
 *(.glue_7)
 .glue_7        0x00000656        0x0 linker stubs
 *(.vfp11_veneer)
 .vfp11_veneer  0x00000656        0x0 linker stubs
 *(.bootloader)
 *(.ARM.extab* .gnu.linkonce.armextab.*)
 *(.gcc_except_table)

.v4_bx          0x00000658        0x0
 .v4_bx         0x00000658        0x0 linker stubs

.iplt           0x00000658        0x0
 .iplt          0x00000658        0x0 c:/program files (x86)/cypress/psoc creator/4.2/psoc creator/import/gnu/arm/5.4.1/bin/../lib/gcc/arm-none-eabi/5.4.1/armv7-m/crtbegin.o

.eh_frame_hdr
 *(.eh_frame_hdr)

.eh_frame       0x00000658        0x4
 *(.eh_frame)
 .eh_frame      0x00000658        0x0 c:/program files (x86)/cypress/psoc creator/4.2/psoc creator/import/gnu/arm/5.4.1/bin/../lib/gcc/arm-none-eabi/5.4.1/armv7-m/crtbegin.o
 .eh_frame      0x00000658        0x4 c:/program files (x86)/cypress/psoc creator/4.2/psoc creator/import/gnu/arm/5.4.1/bin/../lib/gcc/arm-none-eabi/5.4.1/armv7-m/crtend.o
                [!provide]                PROVIDE (__exidx_start, .)

.ARM.exidx
 *(.ARM.exidx* .gnu.linkonce.armexidx.*)
                0x0000065c                __exidx_end = .

.rodata         0x0000065c       0x64
 *(.rodata .rodata.* .gnu.linkonce.r.*)
 .rodata        0x0000065c       0x2a .\CortexM3\ARM_GCC_541\Debug\cyfitter_cfg.o
 .rodata.str1.1
                0x00000686        0x2 c:/program files (x86)/cypress/psoc creator/4.2/psoc creator/import/gnu/arm/5.4.1/bin/../lib/gcc/arm-none-eabi/5.4.1/../../../../arm-none-eabi/lib/armv7-m\libg_nano.a(lib_a-impure.o)
                0x00000688                . = ALIGN (0x4)
 *(.init)
 .init          0x00000688        0x4 c:/program files (x86)/cypress/psoc creator/4.2/psoc creator/import/gnu/arm/5.4.1/bin/../lib/gcc/arm-none-eabi/5.4.1/armv7-m/crti.o
                0x00000688                _init
 .init          0x0000068c        0x8 c:/program files (x86)/cypress/psoc creator/4.2/psoc creator/import/gnu/arm/5.4.1/bin/../lib/gcc/arm-none-eabi/5.4.1/armv7-m/crtn.o
                0x00000694                . = ALIGN (0x4)
                0x00000694                __preinit_array_start = .
 *(.preinit_array)
                0x00000694                __preinit_array_end = .
                0x00000694                . = ALIGN (0x4)
                0x00000694                __init_array_start = .
 *(SORT(.init_array.*))
 *(.init_array)
 .init_array    0x00000694        0x4 c:/program files (x86)/cypress/psoc creator/4.2/psoc creator/import/gnu/arm/5.4.1/bin/../lib/gcc/arm-none-eabi/5.4.1/armv7-m/crtbegin.o
 .init_array    0x00000698        0x4 .\CortexM3\ARM_GCC_541\Debug\Cm3Start.o
                0x0000069c                __init_array_end = .
                0x0000069c                . = ALIGN (0x4)
 *(.fini)
 .fini          0x0000069c        0x4 c:/program files (x86)/cypress/psoc creator/4.2/psoc creator/import/gnu/arm/5.4.1/bin/../lib/gcc/arm-none-eabi/5.4.1/armv7-m/crti.o
                0x0000069c                _fini
 .fini          0x000006a0        0x8 c:/program files (x86)/cypress/psoc creator/4.2/psoc creator/import/gnu/arm/5.4.1/bin/../lib/gcc/arm-none-eabi/5.4.1/armv7-m/crtn.o
                0x000006a8                . = ALIGN (0x4)
                0x000006a8                __fini_array_start = .
 *(.fini_array)
 .fini_array    0x000006a8        0x4 c:/program files (x86)/cypress/psoc creator/4.2/psoc creator/import/gnu/arm/5.4.1/bin/../lib/gcc/arm-none-eabi/5.4.1/armv7-m/crtbegin.o
 *(SORT(.fini_array.*))
                0x000006ac                __fini_array_end = .
                0x000006ac                . = ALIGN (0x4)
 *crtbegin.o(.ctors)
 *(EXCLUDE_FILE(*crtend.o) .ctors)
 *(SORT(.ctors.*))
 *crtend.o(.ctors)
                0x000006ac                . = ALIGN (0x4)
 *crtbegin.o(.dtors)
 *(EXCLUDE_FILE(*crtend.o) .dtors)
 *(SORT(.dtors.*))
 *crtend.o(.dtors)
                0x000006ac                . = ALIGN (0x4)
                0x000006ac                __cy_regions = .
                0x000006ac        0x4 LONG 0x6c0 __cy_region_init_ram
                0x000006b0        0x4 LONG 0x1fff80c8 __cy_region_start_data
                0x000006b4        0x4 LONG 0x78 __cy_region_init_size_ram
                0x000006b8        0x4 LONG 0xc0 __cy_region_zero_size_ram
                0x000006bc                __cy_regions_end = .
                0x000006c0                . = ALIGN (0x8)
 *fill*         0x000006bc        0x4 
                0x000006c0                _etext = .

.cy_checksum_exclude
                0x000006c0        0x0
 *(.cy_checksum_exclude)

.ramvectors     0x1fff8000       0xc0
                0x1fff8000                __cy_region_start_ram = .
 *(.ramvectors)
 .ramvectors    0x1fff8000       0xc0 .\CortexM3\ARM_GCC_541\Debug\Cm3Start.o
                0x1fff8000                CyRamVectors

.noinit         0x1fff80c0        0x1
 *(.noinit)
 .noinit        0x1fff80c0        0x1 .\CortexM3\ARM_GCC_541\Debug\2020-Control-Scheme.a(CyLib.o)
                0x1fff80c0                CyResetStatus

.data           0x1fff80c8       0x78 load address 0x000006c0
                0x1fff80c8                __cy_region_start_data = .
 *(.jcr)
 .jcr           0x1fff80c8        0x0 c:/program files (x86)/cypress/psoc creator/4.2/psoc creator/import/gnu/arm/5.4.1/bin/../lib/gcc/arm-none-eabi/5.4.1/armv7-m/crtbegin.o
 .jcr           0x1fff80c8        0x4 c:/program files (x86)/cypress/psoc creator/4.2/psoc creator/import/gnu/arm/5.4.1/bin/../lib/gcc/arm-none-eabi/5.4.1/armv7-m/crtend.o
 *(.got.plt)
 *(.got)
 *(.shdata)
 *(.data .data.* .gnu.linkonce.d.*)
 .data          0x1fff80cc       0x10 .\CortexM3\ARM_GCC_541\Debug\2020-Control-Scheme.a(CyLib.o)
                0x1fff80cc                cydelay_32k_ms
                0x1fff80d0                cydelay_freq_khz
                0x1fff80d4                cydelay_freq_mhz
                0x1fff80d8                cydelay_freq_hz
 .data.impure_data
                0x1fff80dc       0x60 c:/program files (x86)/cypress/psoc creator/4.2/psoc creator/import/gnu/arm/5.4.1/bin/../lib/gcc/arm-none-eabi/5.4.1/../../../../arm-none-eabi/lib/armv7-m\libg_nano.a(lib_a-impure.o)
 .data._impure_ptr
                0x1fff813c        0x4 c:/program files (x86)/cypress/psoc creator/4.2/psoc creator/import/gnu/arm/5.4.1/bin/../lib/gcc/arm-none-eabi/5.4.1/../../../../arm-none-eabi/lib/armv7-m\libg_nano.a(lib_a-impure.o)
                0x1fff813c                _impure_ptr
                0x1fff8140                . = ALIGN (0x8)
 *(.ram)
                0x1fff8140                _edata = .

.igot.plt       0x1fff8140        0x0 load address 0x00000738
 .igot.plt      0x1fff8140        0x0 c:/program files (x86)/cypress/psoc creator/4.2/psoc creator/import/gnu/arm/5.4.1/bin/../lib/gcc/arm-none-eabi/5.4.1/armv7-m/crtbegin.o

.bss            0x1fff8140       0xc0 load address 0x00000738
                0x1fff8140                PROVIDE (__bss_start__, .)
 *(.shbss)
 *(.bss .bss.* .gnu.linkonce.b.*)
 .bss           0x1fff8140       0x1c c:/program files (x86)/cypress/psoc creator/4.2/psoc creator/import/gnu/arm/5.4.1/bin/../lib/gcc/arm-none-eabi/5.4.1/armv7-m/crtbegin.o
 .bss           0x1fff815c        0x6 .\CortexM3\ARM_GCC_541\Debug\main.o
 *(COMMON)
 *fill*         0x1fff8162        0x2 
 COMMON         0x1fff8164       0x98 .\CortexM3\ARM_GCC_541\Debug\2020-Control-Scheme.a(USB_drv.o)
                0x1fff8164                USB_transferState
                0x1fff8165                USB_interfaceNumber
                0x1fff8166                USB_lastPacketSize
                0x1fff8168                USB_interfaceClass
                0x1fff816c                USB_interfaceSetting
                0x1fff816d                USB_ep0Mode
                0x1fff816e                USB_device
                0x1fff816f                USB_deviceAddress
                0x1fff8170                USB_ep0Toggle
                0x1fff8174                USB_interfaceSettingLast
                0x1fff8175                USB_configurationChanged
                0x1fff8178                USB_interfaceStatus
                0x1fff817a                USB_transferByteCount
                0x1fff817c                USB_configuration
                0x1fff8180                USB_currentTD
                0x1fff818c                USB_ep0Count
                0x1fff818d                USB_deviceStatus
                0x1fff8190                USB_EP
                0x1fff8200                . = ALIGN (0x8)
 *fill*         0x1fff81fc        0x4 
 *(.ram.b)
                0x1fff8200                _end = .
                0x1fff8200                __end = .
                0x1fff8200                PROVIDE (end, .)
                0x1fff8200                PROVIDE (__bss_end__, .)
                0x000006c0                __cy_region_init_ram = LOADADDR (.data)
                0x00000078                __cy_region_init_size_ram = (_edata - ADDR (.data))
                0x000000c0                __cy_region_zero_size_ram = (_end - _edata)

.heap           0x1fff8200       0x80 load address 0x00000738
                0x1fff8200                . = _end
                0x1fff8280                . = (. + 0x80)
 *fill*         0x1fff8200       0x80 
                0x1fff8280                __cy_heap_limit = .

.stack          0x20007800      0x800
                0x20007800                __cy_stack_limit = .
                0x20008000                . = (. + 0x800)
 *fill*         0x20007800      0x800 
                0x00000001                ASSERT ((__cy_stack_limit >= __cy_heap_limit), region RAM overflowed with stack)
                0x00000000                cy_checksum_exclude_size = (CY_APPL_LOADABLE == 0x1)?SIZEOF (.cy_checksum_exclude):0x0
                0x00000001                ASSERT ((cy_checksum_exclude_size <= CY_CHECKSUM_EXCLUDE_SIZE), CY_BOOT: Section .cy_checksum_exclude size exceedes specified limit.)

.cyloadermeta
 *(.cyloadermeta)

.cyloadablemeta
 *(.cyloadablemeta)

.cyconfigecc    0x80000000      0x1c0
 *(.cyconfigecc)
 .cyconfigecc   0x80000000      0x1c0 .\CortexM3\ARM_GCC_541\Debug\cymetadata.o
                0x80000000                cy_meta_configecc

.cycustnvl      0x90000000        0x4
 *(.cycustnvl)
 .cycustnvl     0x90000000        0x4 .\CortexM3\ARM_GCC_541\Debug\cymetadata.o
                0x90000000                cy_meta_custnvl

.cywolatch      0x90100000        0x4
 *(.cywolatch)
 .cywolatch     0x90100000        0x4 .\CortexM3\ARM_GCC_541\Debug\cymetadata.o
                0x90100000                cy_meta_wonvl

.cyeeprom       0x90200000        0x0
 *(.cyeeprom)
                0x00000001                ASSERT ((. <= ((0x90200000 + ee_offset) + ee_size)), .cyeeprom data will not fit in EEPROM)

.cyflashprotect
                0x90400000      0x100
 *(.cyflashprotect)
 .cyflashprotect
                0x90400000      0x100 .\CortexM3\ARM_GCC_541\Debug\cymetadata.o
                0x90400000                cy_meta_flashprotect

.cymeta         0x90500000        0xc
 *(.cymeta)
 .cymeta        0x90500000        0xc .\CortexM3\ARM_GCC_541\Debug\cymetadata.o
                0x90500000                cy_metadata

.rel.dyn        0x00000738        0x0 load address 0x9050000c
 .rel.iplt      0x00000738        0x0 c:/program files (x86)/cypress/psoc creator/4.2/psoc creator/import/gnu/arm/5.4.1/bin/../lib/gcc/arm-none-eabi/5.4.1/armv7-m/crtbegin.o

.stab
 *(.stab)

.stabstr
 *(.stabstr)

.debug
 *(.debug)

.line
 *(.line)

.debug_srcinfo
 *(.debug_srcinfo)

.debug_sfnames
 *(.debug_sfnames)

.debug_aranges  0x00000000      0x930
 *(.debug_aranges)
 .debug_aranges
                0x00000000       0x30 .\CortexM3\ARM_GCC_541\Debug\main.o
 .debug_aranges
                0x00000030       0x58 .\CortexM3\ARM_GCC_541\Debug\cyfitter_cfg.o
 .debug_aranges
                0x00000088       0x18 .\CortexM3\ARM_GCC_541\Debug\cymetadata.o
 .debug_aranges
                0x000000a0       0x48 .\CortexM3\ARM_GCC_541\Debug\Cm3Start.o
 .debug_aranges
                0x000000e8       0x38 .\CortexM3\ARM_GCC_541\Debug\2020-Control-Scheme.a(led.o)
 .debug_aranges
                0x00000120       0xc8 .\CortexM3\ARM_GCC_541\Debug\2020-Control-Scheme.a(USB.o)
 .debug_aranges
                0x000001e8       0x98 .\CortexM3\ARM_GCC_541\Debug\2020-Control-Scheme.a(USB_drv.o)
 .debug_aranges
                0x00000280       0x30 .\CortexM3\ARM_GCC_541\Debug\2020-Control-Scheme.a(USB_episr.o)
 .debug_aranges
                0x000002b0       0x48 .\CortexM3\ARM_GCC_541\Debug\2020-Control-Scheme.a(USB_hid.o)
 .debug_aranges
                0x000002f8       0x40 .\CortexM3\ARM_GCC_541\Debug\2020-Control-Scheme.a(USB_pm.o)
 .debug_aranges
                0x00000338       0x78 .\CortexM3\ARM_GCC_541\Debug\2020-Control-Scheme.a(USB_std.o)
 .debug_aranges
                0x000003b0       0x20 .\CortexM3\ARM_GCC_541\Debug\2020-Control-Scheme.a(USB_vnd.o)
 .debug_aranges
                0x000003d0       0x40 .\CortexM3\ARM_GCC_541\Debug\2020-Control-Scheme.a(Status_1_8.o)
 .debug_aranges
                0x00000410       0x40 .\CortexM3\ARM_GCC_541\Debug\2020-Control-Scheme.a(Status_9_11.o)
 .debug_aranges
                0x00000450       0x48 .\CortexM3\ARM_GCC_541\Debug\2020-Control-Scheme.a(USB_Dp.o)
 .debug_aranges
                0x00000498      0x2a0 .\CortexM3\ARM_GCC_541\Debug\2020-Control-Scheme.a(CyLib.o)
 .debug_aranges
                0x00000738       0x98 .\CortexM3\ARM_GCC_541\Debug\2020-Control-Scheme.a(cyPm.o)
 .debug_aranges
                0x000007d0       0x20 .\CortexM3\ARM_GCC_541\Debug\2020-Control-Scheme.a(CyBootAsmGnu.o)
 .debug_aranges
                0x000007f0       0x20 .\CortexM3\ARM_GCC_541\Debug\2020-Control-Scheme.a(USB_cls.o)
 .debug_aranges
                0x00000810       0x18 .\CortexM3\ARM_GCC_541\Debug\2020-Control-Scheme.a(USB_descr.o)
 .debug_aranges
                0x00000828       0x88 .\CortexM3\ARM_GCC_541\Debug\2020-Control-Scheme.a(CyFlash.o)
 .debug_aranges
                0x000008b0       0x80 .\CortexM3\ARM_GCC_541\Debug\2020-Control-Scheme.a(CySpc.o)

.debug_pubnames
 *(.debug_pubnames)

.debug_info     0x00000000     0x6621
 *(.debug_info .gnu.linkonce.wi.*)
 .debug_info    0x00000000      0x2f4 .\CortexM3\ARM_GCC_541\Debug\main.o
 .debug_info    0x000002f4      0x513 .\CortexM3\ARM_GCC_541\Debug\cyfitter_cfg.o
 .debug_info    0x00000807      0x135 .\CortexM3\ARM_GCC_541\Debug\cymetadata.o
 .debug_info    0x0000093c      0x3bb .\CortexM3\ARM_GCC_541\Debug\Cm3Start.o
 .debug_info    0x00000cf7      0x11f .\CortexM3\ARM_GCC_541\Debug\2020-Control-Scheme.a(led.o)
 .debug_info    0x00000e16      0x96f .\CortexM3\ARM_GCC_541\Debug\2020-Control-Scheme.a(USB.o)
 .debug_info    0x00001785      0x655 .\CortexM3\ARM_GCC_541\Debug\2020-Control-Scheme.a(USB_drv.o)
 .debug_info    0x00001dda      0x231 .\CortexM3\ARM_GCC_541\Debug\2020-Control-Scheme.a(USB_episr.o)
 .debug_info    0x0000200b      0x43b .\CortexM3\ARM_GCC_541\Debug\2020-Control-Scheme.a(USB_hid.o)
 .debug_info    0x00002446      0x2e4 .\CortexM3\ARM_GCC_541\Debug\2020-Control-Scheme.a(USB_pm.o)
 .debug_info    0x0000272a      0x9ed .\CortexM3\ARM_GCC_541\Debug\2020-Control-Scheme.a(USB_std.o)
 .debug_info    0x00003117       0xed .\CortexM3\ARM_GCC_541\Debug\2020-Control-Scheme.a(USB_vnd.o)
 .debug_info    0x00003204      0x17d .\CortexM3\ARM_GCC_541\Debug\2020-Control-Scheme.a(Status_1_8.o)
 .debug_info    0x00003381      0x17f .\CortexM3\ARM_GCC_541\Debug\2020-Control-Scheme.a(Status_9_11.o)
 .debug_info    0x00003500      0x174 .\CortexM3\ARM_GCC_541\Debug\2020-Control-Scheme.a(USB_Dp.o)
 .debug_info    0x00003674     0x1374 .\CortexM3\ARM_GCC_541\Debug\2020-Control-Scheme.a(CyLib.o)
 .debug_info    0x000049e8      0xa2a .\CortexM3\ARM_GCC_541\Debug\2020-Control-Scheme.a(cyPm.o)
 .debug_info    0x00005412       0xbd .\CortexM3\ARM_GCC_541\Debug\2020-Control-Scheme.a(CyBootAsmGnu.o)
 .debug_info    0x000054cf      0x1de .\CortexM3\ARM_GCC_541\Debug\2020-Control-Scheme.a(USB_cls.o)
 .debug_info    0x000056ad      0x3d7 .\CortexM3\ARM_GCC_541\Debug\2020-Control-Scheme.a(USB_descr.o)
 .debug_info    0x00005a84      0x64d .\CortexM3\ARM_GCC_541\Debug\2020-Control-Scheme.a(CyFlash.o)
 .debug_info    0x000060d1      0x550 .\CortexM3\ARM_GCC_541\Debug\2020-Control-Scheme.a(CySpc.o)

.debug_abbrev   0x00000000     0x1a54
 *(.debug_abbrev)
 .debug_abbrev  0x00000000      0x12e .\CortexM3\ARM_GCC_541\Debug\main.o
 .debug_abbrev  0x0000012e      0x1fe .\CortexM3\ARM_GCC_541\Debug\cyfitter_cfg.o
 .debug_abbrev  0x0000032c       0x66 .\CortexM3\ARM_GCC_541\Debug\cymetadata.o
 .debug_abbrev  0x00000392      0x1e8 .\CortexM3\ARM_GCC_541\Debug\Cm3Start.o
 .debug_abbrev  0x0000057a       0x90 .\CortexM3\ARM_GCC_541\Debug\2020-Control-Scheme.a(led.o)
 .debug_abbrev  0x0000060a      0x215 .\CortexM3\ARM_GCC_541\Debug\2020-Control-Scheme.a(USB.o)
 .debug_abbrev  0x0000081f      0x189 .\CortexM3\ARM_GCC_541\Debug\2020-Control-Scheme.a(USB_drv.o)
 .debug_abbrev  0x000009a8      0x103 .\CortexM3\ARM_GCC_541\Debug\2020-Control-Scheme.a(USB_episr.o)
 .debug_abbrev  0x00000aab      0x16d .\CortexM3\ARM_GCC_541\Debug\2020-Control-Scheme.a(USB_hid.o)
 .debug_abbrev  0x00000c18      0x108 .\CortexM3\ARM_GCC_541\Debug\2020-Control-Scheme.a(USB_pm.o)
 .debug_abbrev  0x00000d20      0x1d8 .\CortexM3\ARM_GCC_541\Debug\2020-Control-Scheme.a(USB_std.o)
 .debug_abbrev  0x00000ef8       0x9b .\CortexM3\ARM_GCC_541\Debug\2020-Control-Scheme.a(USB_vnd.o)
 .debug_abbrev  0x00000f93       0xac .\CortexM3\ARM_GCC_541\Debug\2020-Control-Scheme.a(Status_1_8.o)
 .debug_abbrev  0x0000103f       0xac .\CortexM3\ARM_GCC_541\Debug\2020-Control-Scheme.a(Status_9_11.o)
 .debug_abbrev  0x000010eb       0x90 .\CortexM3\ARM_GCC_541\Debug\2020-Control-Scheme.a(USB_Dp.o)
 .debug_abbrev  0x0000117b      0x254 .\CortexM3\ARM_GCC_541\Debug\2020-Control-Scheme.a(CyLib.o)
 .debug_abbrev  0x000013cf      0x1ab .\CortexM3\ARM_GCC_541\Debug\2020-Control-Scheme.a(cyPm.o)
 .debug_abbrev  0x0000157a       0x14 .\CortexM3\ARM_GCC_541\Debug\2020-Control-Scheme.a(CyBootAsmGnu.o)
 .debug_abbrev  0x0000158e       0xe1 .\CortexM3\ARM_GCC_541\Debug\2020-Control-Scheme.a(USB_cls.o)
 .debug_abbrev  0x0000166f       0xaa .\CortexM3\ARM_GCC_541\Debug\2020-Control-Scheme.a(USB_descr.o)
 .debug_abbrev  0x00001719      0x1a7 .\CortexM3\ARM_GCC_541\Debug\2020-Control-Scheme.a(CyFlash.o)
 .debug_abbrev  0x000018c0      0x194 .\CortexM3\ARM_GCC_541\Debug\2020-Control-Scheme.a(CySpc.o)

.debug_line     0x00000000     0x26f2
 *(.debug_line)
 .debug_line    0x00000000      0x202 .\CortexM3\ARM_GCC_541\Debug\main.o
 .debug_line    0x00000202      0x1d8 .\CortexM3\ARM_GCC_541\Debug\cyfitter_cfg.o
 .debug_line    0x000003da      0x141 .\CortexM3\ARM_GCC_541\Debug\cymetadata.o
 .debug_line    0x0000051b      0x234 .\CortexM3\ARM_GCC_541\Debug\Cm3Start.o
 .debug_line    0x0000074f       0x90 .\CortexM3\ARM_GCC_541\Debug\2020-Control-Scheme.a(led.o)
 .debug_line    0x000007df      0x2e4 .\CortexM3\ARM_GCC_541\Debug\2020-Control-Scheme.a(USB.o)
 .debug_line    0x00000ac3      0x215 .\CortexM3\ARM_GCC_541\Debug\2020-Control-Scheme.a(USB_drv.o)
 .debug_line    0x00000cd8       0xae .\CortexM3\ARM_GCC_541\Debug\2020-Control-Scheme.a(USB_episr.o)
 .debug_line    0x00000d86      0x143 .\CortexM3\ARM_GCC_541\Debug\2020-Control-Scheme.a(USB_hid.o)
 .debug_line    0x00000ec9       0xfe .\CortexM3\ARM_GCC_541\Debug\2020-Control-Scheme.a(USB_pm.o)
 .debug_line    0x00000fc7      0x360 .\CortexM3\ARM_GCC_541\Debug\2020-Control-Scheme.a(USB_std.o)
 .debug_line    0x00001327       0x6b .\CortexM3\ARM_GCC_541\Debug\2020-Control-Scheme.a(USB_vnd.o)
 .debug_line    0x00001392       0xb5 .\CortexM3\ARM_GCC_541\Debug\2020-Control-Scheme.a(Status_1_8.o)
 .debug_line    0x00001447       0xb7 .\CortexM3\ARM_GCC_541\Debug\2020-Control-Scheme.a(Status_9_11.o)
 .debug_line    0x000014fe       0xb7 .\CortexM3\ARM_GCC_541\Debug\2020-Control-Scheme.a(USB_Dp.o)
 .debug_line    0x000015b5      0x816 .\CortexM3\ARM_GCC_541\Debug\2020-Control-Scheme.a(CyLib.o)
 .debug_line    0x00001dcb      0x367 .\CortexM3\ARM_GCC_541\Debug\2020-Control-Scheme.a(cyPm.o)
 .debug_line    0x00002132       0x66 .\CortexM3\ARM_GCC_541\Debug\2020-Control-Scheme.a(CyBootAsmGnu.o)
 .debug_line    0x00002198       0x87 .\CortexM3\ARM_GCC_541\Debug\2020-Control-Scheme.a(USB_cls.o)
 .debug_line    0x0000221f       0x59 .\CortexM3\ARM_GCC_541\Debug\2020-Control-Scheme.a(USB_descr.o)
 .debug_line    0x00002278      0x21a .\CortexM3\ARM_GCC_541\Debug\2020-Control-Scheme.a(CyFlash.o)
 .debug_line    0x00002492      0x260 .\CortexM3\ARM_GCC_541\Debug\2020-Control-Scheme.a(CySpc.o)

.debug_frame    0x00000000     0x1748
 *(.debug_frame)
 .debug_frame   0x00000000       0x64 .\CortexM3\ARM_GCC_541\Debug\main.o
 .debug_frame   0x00000064       0xe4 .\CortexM3\ARM_GCC_541\Debug\cyfitter_cfg.o
 .debug_frame   0x00000148       0xb8 .\CortexM3\ARM_GCC_541\Debug\Cm3Start.o
 .debug_frame   0x00000200       0x50 .\CortexM3\ARM_GCC_541\Debug\2020-Control-Scheme.a(led.o)
 .debug_frame   0x00000250      0x1dc .\CortexM3\ARM_GCC_541\Debug\2020-Control-Scheme.a(USB.o)
 .debug_frame   0x0000042c      0x194 .\CortexM3\ARM_GCC_541\Debug\2020-Control-Scheme.a(USB_drv.o)
 .debug_frame   0x000005c0       0x4c .\CortexM3\ARM_GCC_541\Debug\2020-Control-Scheme.a(USB_episr.o)
 .debug_frame   0x0000060c       0xa0 .\CortexM3\ARM_GCC_541\Debug\2020-Control-Scheme.a(USB_hid.o)
 .debug_frame   0x000006ac       0xa0 .\CortexM3\ARM_GCC_541\Debug\2020-Control-Scheme.a(USB_pm.o)
 .debug_frame   0x0000074c      0x150 .\CortexM3\ARM_GCC_541\Debug\2020-Control-Scheme.a(USB_std.o)
 .debug_frame   0x0000089c       0x20 .\CortexM3\ARM_GCC_541\Debug\2020-Control-Scheme.a(USB_vnd.o)
 .debug_frame   0x000008bc       0x78 .\CortexM3\ARM_GCC_541\Debug\2020-Control-Scheme.a(Status_1_8.o)
 .debug_frame   0x00000934       0x78 .\CortexM3\ARM_GCC_541\Debug\2020-Control-Scheme.a(Status_9_11.o)
 .debug_frame   0x000009ac       0x70 .\CortexM3\ARM_GCC_541\Debug\2020-Control-Scheme.a(USB_Dp.o)
 .debug_frame   0x00000a1c      0x738 .\CortexM3\ARM_GCC_541\Debug\2020-Control-Scheme.a(CyLib.o)
 .debug_frame   0x00001154      0x1f8 .\CortexM3\ARM_GCC_541\Debug\2020-Control-Scheme.a(cyPm.o)
 .debug_frame   0x0000134c       0x2c .\CortexM3\ARM_GCC_541\Debug\2020-Control-Scheme.a(USB_cls.o)
 .debug_frame   0x00001378      0x194 .\CortexM3\ARM_GCC_541\Debug\2020-Control-Scheme.a(CyFlash.o)
 .debug_frame   0x0000150c      0x180 .\CortexM3\ARM_GCC_541\Debug\2020-Control-Scheme.a(CySpc.o)
 .debug_frame   0x0000168c       0x20 c:/program files (x86)/cypress/psoc creator/4.2/psoc creator/import/gnu/arm/5.4.1/bin/../lib/gcc/arm-none-eabi/5.4.1/../../../../arm-none-eabi/lib/armv7-m\libg_nano.a(lib_a-errno.o)
 .debug_frame   0x000016ac       0x28 c:/program files (x86)/cypress/psoc creator/4.2/psoc creator/import/gnu/arm/5.4.1/bin/../lib/gcc/arm-none-eabi/5.4.1/../../../../arm-none-eabi/lib/armv7-m\libg_nano.a(lib_a-exit.o)
 .debug_frame   0x000016d4       0x2c c:/program files (x86)/cypress/psoc creator/4.2/psoc creator/import/gnu/arm/5.4.1/bin/../lib/gcc/arm-none-eabi/5.4.1/../../../../arm-none-eabi/lib/armv7-m\libg_nano.a(lib_a-init.o)
 .debug_frame   0x00001700       0x28 c:/program files (x86)/cypress/psoc creator/4.2/psoc creator/import/gnu/arm/5.4.1/bin/../lib/gcc/arm-none-eabi/5.4.1/../../../../arm-none-eabi/lib/armv7-m\libg_nano.a(lib_a-memcpy-stub.o)
 .debug_frame   0x00001728       0x20 c:/program files (x86)/cypress/psoc creator/4.2/psoc creator/import/gnu/arm/5.4.1/bin/../lib/gcc/arm-none-eabi/5.4.1/../../../../arm-none-eabi/lib/armv7-m\libg_nano.a(lib_a-memset.o)

.debug_str      0x00000000     0x22cc
 *(.debug_str)
 .debug_str     0x00000000      0x241 .\CortexM3\ARM_GCC_541\Debug\main.o
                                0x289 (size before relaxing)
 .debug_str     0x00000241      0x181 .\CortexM3\ARM_GCC_541\Debug\cyfitter_cfg.o
                                0x33c (size before relaxing)
 .debug_str     0x000003c2       0x7f .\CortexM3\ARM_GCC_541\Debug\cymetadata.o
                                0x211 (size before relaxing)
 .debug_str     0x00000441      0x144 .\CortexM3\ARM_GCC_541\Debug\Cm3Start.o
                                0x337 (size before relaxing)
 .debug_str     0x00000585       0x57 .\CortexM3\ARM_GCC_541\Debug\2020-Control-Scheme.a(led.o)
                                0x205 (size before relaxing)
 .debug_str     0x000005dc      0x3ca .\CortexM3\ARM_GCC_541\Debug\2020-Control-Scheme.a(USB.o)
                                0x607 (size before relaxing)
 .debug_str     0x000009a6      0x2de .\CortexM3\ARM_GCC_541\Debug\2020-Control-Scheme.a(USB_drv.o)
                                0x5cd (size before relaxing)
 .debug_str     0x00000c84       0x4f .\CortexM3\ARM_GCC_541\Debug\2020-Control-Scheme.a(USB_episr.o)
                                0x2c7 (size before relaxing)
 .debug_str     0x00000cd3      0x10e .\CortexM3\ARM_GCC_541\Debug\2020-Control-Scheme.a(USB_hid.o)
                                0x3db (size before relaxing)
 .debug_str     0x00000de1       0xaa .\CortexM3\ARM_GCC_541\Debug\2020-Control-Scheme.a(USB_pm.o)
                                0x2ed (size before relaxing)
 .debug_str     0x00000e8b      0x1d4 .\CortexM3\ARM_GCC_541\Debug\2020-Control-Scheme.a(USB_std.o)
                                0x6a9 (size before relaxing)
 .debug_str     0x0000105f       0x21 .\CortexM3\ARM_GCC_541\Debug\2020-Control-Scheme.a(USB_vnd.o)
                                0x20e (size before relaxing)
 .debug_str     0x00001080       0x98 .\CortexM3\ARM_GCC_541\Debug\2020-Control-Scheme.a(Status_1_8.o)
                                0x288 (size before relaxing)
 .debug_str     0x00001118       0x89 .\CortexM3\ARM_GCC_541\Debug\2020-Control-Scheme.a(Status_9_11.o)
                                0x28e (size before relaxing)
 .debug_str     0x000011a1       0x81 .\CortexM3\ARM_GCC_541\Debug\2020-Control-Scheme.a(USB_Dp.o)
                                0x252 (size before relaxing)
 .debug_str     0x00001222      0x7dc .\CortexM3\ARM_GCC_541\Debug\2020-Control-Scheme.a(CyLib.o)
                                0xa74 (size before relaxing)
 .debug_str     0x000019fe      0x365 .\CortexM3\ARM_GCC_541\Debug\2020-Control-Scheme.a(cyPm.o)
                                0x760 (size before relaxing)
 .debug_str     0x00001d63       0x21 .\CortexM3\ARM_GCC_541\Debug\2020-Control-Scheme.a(USB_cls.o)
                                0x2bd (size before relaxing)
 .debug_str     0x00001d84      0x2e1 .\CortexM3\ARM_GCC_541\Debug\2020-Control-Scheme.a(USB_descr.o)
                                0x55e (size before relaxing)
 .debug_str     0x00002065      0x1bb .\CortexM3\ARM_GCC_541\Debug\2020-Control-Scheme.a(CyFlash.o)
                                0x3ed (size before relaxing)
 .debug_str     0x00002220       0xac .\CortexM3\ARM_GCC_541\Debug\2020-Control-Scheme.a(CySpc.o)
                                0x365 (size before relaxing)

.debug_loc      0x00000000     0x2dbe
 *(.debug_loc)
 .debug_loc     0x00000000       0x66 .\CortexM3\ARM_GCC_541\Debug\main.o
 .debug_loc     0x00000066      0x1d7 .\CortexM3\ARM_GCC_541\Debug\cyfitter_cfg.o
 .debug_loc     0x0000023d      0x144 .\CortexM3\ARM_GCC_541\Debug\Cm3Start.o
 .debug_loc     0x00000381       0x42 .\CortexM3\ARM_GCC_541\Debug\2020-Control-Scheme.a(led.o)
 .debug_loc     0x000003c3      0x435 .\CortexM3\ARM_GCC_541\Debug\2020-Control-Scheme.a(USB.o)
 .debug_loc     0x000007f8      0x171 .\CortexM3\ARM_GCC_541\Debug\2020-Control-Scheme.a(USB_drv.o)
 .debug_loc     0x00000969      0x3a8 .\CortexM3\ARM_GCC_541\Debug\2020-Control-Scheme.a(USB_hid.o)
 .debug_loc     0x00000d11       0x26 .\CortexM3\ARM_GCC_541\Debug\2020-Control-Scheme.a(USB_pm.o)
 .debug_loc     0x00000d37      0x883 .\CortexM3\ARM_GCC_541\Debug\2020-Control-Scheme.a(USB_std.o)
 .debug_loc     0x000015ba       0x26 .\CortexM3\ARM_GCC_541\Debug\2020-Control-Scheme.a(Status_1_8.o)
 .debug_loc     0x000015e0       0x44 .\CortexM3\ARM_GCC_541\Debug\2020-Control-Scheme.a(Status_9_11.o)
 .debug_loc     0x00001624       0x84 .\CortexM3\ARM_GCC_541\Debug\2020-Control-Scheme.a(USB_Dp.o)
 .debug_loc     0x000016a8      0xa11 .\CortexM3\ARM_GCC_541\Debug\2020-Control-Scheme.a(CyLib.o)
 .debug_loc     0x000020b9      0x1e4 .\CortexM3\ARM_GCC_541\Debug\2020-Control-Scheme.a(cyPm.o)
 .debug_loc     0x0000229d       0x6a .\CortexM3\ARM_GCC_541\Debug\2020-Control-Scheme.a(USB_cls.o)
 .debug_loc     0x00002307      0x3b2 .\CortexM3\ARM_GCC_541\Debug\2020-Control-Scheme.a(CyFlash.o)
 .debug_loc     0x000026b9      0x705 .\CortexM3\ARM_GCC_541\Debug\2020-Control-Scheme.a(CySpc.o)

.debug_macinfo
 *(.debug_macinfo)

.debug_ranges   0x00000000      0x7c8
 *(.debug_ranges)
 .debug_ranges  0x00000000       0x20 .\CortexM3\ARM_GCC_541\Debug\main.o
 .debug_ranges  0x00000020       0x48 .\CortexM3\ARM_GCC_541\Debug\cyfitter_cfg.o
 .debug_ranges  0x00000068       0x38 .\CortexM3\ARM_GCC_541\Debug\Cm3Start.o
 .debug_ranges  0x000000a0       0x28 .\CortexM3\ARM_GCC_541\Debug\2020-Control-Scheme.a(led.o)
 .debug_ranges  0x000000c8       0xd0 .\CortexM3\ARM_GCC_541\Debug\2020-Control-Scheme.a(USB.o)
 .debug_ranges  0x00000198       0x88 .\CortexM3\ARM_GCC_541\Debug\2020-Control-Scheme.a(USB_drv.o)
 .debug_ranges  0x00000220       0x20 .\CortexM3\ARM_GCC_541\Debug\2020-Control-Scheme.a(USB_episr.o)
 .debug_ranges  0x00000240       0x38 .\CortexM3\ARM_GCC_541\Debug\2020-Control-Scheme.a(USB_hid.o)
 .debug_ranges  0x00000278       0x30 .\CortexM3\ARM_GCC_541\Debug\2020-Control-Scheme.a(USB_pm.o)
 .debug_ranges  0x000002a8       0x68 .\CortexM3\ARM_GCC_541\Debug\2020-Control-Scheme.a(USB_std.o)
 .debug_ranges  0x00000310       0x10 .\CortexM3\ARM_GCC_541\Debug\2020-Control-Scheme.a(USB_vnd.o)
 .debug_ranges  0x00000320       0x30 .\CortexM3\ARM_GCC_541\Debug\2020-Control-Scheme.a(Status_1_8.o)
 .debug_ranges  0x00000350       0x30 .\CortexM3\ARM_GCC_541\Debug\2020-Control-Scheme.a(Status_9_11.o)
 .debug_ranges  0x00000380       0x38 .\CortexM3\ARM_GCC_541\Debug\2020-Control-Scheme.a(USB_Dp.o)
 .debug_ranges  0x000003b8      0x290 .\CortexM3\ARM_GCC_541\Debug\2020-Control-Scheme.a(CyLib.o)
 .debug_ranges  0x00000648       0x88 .\CortexM3\ARM_GCC_541\Debug\2020-Control-Scheme.a(cyPm.o)
 .debug_ranges  0x000006d0       0x10 .\CortexM3\ARM_GCC_541\Debug\2020-Control-Scheme.a(USB_cls.o)
 .debug_ranges  0x000006e0       0x78 .\CortexM3\ARM_GCC_541\Debug\2020-Control-Scheme.a(CyFlash.o)
 .debug_ranges  0x00000758       0x70 .\CortexM3\ARM_GCC_541\Debug\2020-Control-Scheme.a(CySpc.o)

.comment        0x00000000       0x6e
 .comment       0x00000000       0x6e .\CortexM3\ARM_GCC_541\Debug\main.o
                                 0x6f (size before relaxing)
 .comment       0x0000006e       0x6f .\CortexM3\ARM_GCC_541\Debug\cyfitter_cfg.o
 .comment       0x0000006e       0x6f .\CortexM3\ARM_GCC_541\Debug\cymetadata.o
 .comment       0x0000006e       0x6f .\CortexM3\ARM_GCC_541\Debug\Cm3Start.o
 .comment       0x0000006e       0x6f .\CortexM3\ARM_GCC_541\Debug\2020-Control-Scheme.a(led.o)
 .comment       0x0000006e       0x6f .\CortexM3\ARM_GCC_541\Debug\2020-Control-Scheme.a(USB.o)
 .comment       0x0000006e       0x6f .\CortexM3\ARM_GCC_541\Debug\2020-Control-Scheme.a(USB_drv.o)
 .comment       0x0000006e       0x6f .\CortexM3\ARM_GCC_541\Debug\2020-Control-Scheme.a(USB_episr.o)
 .comment       0x0000006e       0x6f .\CortexM3\ARM_GCC_541\Debug\2020-Control-Scheme.a(USB_hid.o)
 .comment       0x0000006e       0x6f .\CortexM3\ARM_GCC_541\Debug\2020-Control-Scheme.a(USB_pm.o)
 .comment       0x0000006e       0x6f .\CortexM3\ARM_GCC_541\Debug\2020-Control-Scheme.a(USB_std.o)
 .comment       0x0000006e       0x6f .\CortexM3\ARM_GCC_541\Debug\2020-Control-Scheme.a(USB_vnd.o)
 .comment       0x0000006e       0x6f .\CortexM3\ARM_GCC_541\Debug\2020-Control-Scheme.a(Status_1_8.o)
 .comment       0x0000006e       0x6f .\CortexM3\ARM_GCC_541\Debug\2020-Control-Scheme.a(Status_9_11.o)
 .comment       0x0000006e       0x6f .\CortexM3\ARM_GCC_541\Debug\2020-Control-Scheme.a(USB_Dp.o)
 .comment       0x0000006e       0x6f .\CortexM3\ARM_GCC_541\Debug\2020-Control-Scheme.a(CyLib.o)
 .comment       0x0000006e       0x6f .\CortexM3\ARM_GCC_541\Debug\2020-Control-Scheme.a(cyPm.o)
 .comment       0x0000006e       0x6f .\CortexM3\ARM_GCC_541\Debug\2020-Control-Scheme.a(USB_cls.o)
 .comment       0x0000006e       0x6f .\CortexM3\ARM_GCC_541\Debug\2020-Control-Scheme.a(USB_descr.o)
 .comment       0x0000006e       0x6f .\CortexM3\ARM_GCC_541\Debug\2020-Control-Scheme.a(CyFlash.o)
 .comment       0x0000006e       0x6f .\CortexM3\ARM_GCC_541\Debug\2020-Control-Scheme.a(CySpc.o)

.debug_weaknames
 *(.debug_weaknames)

.debug_funcnames
 *(.debug_funcnames)

.debug_typenames
 *(.debug_typenames)

.debug_varnames
 *(.debug_varnames)

.note.gnu.arm.ident
 *(.note.gnu.arm.ident)

.ARM.attributes
                0x00000000       0x29
 *(.ARM.attributes)
 .ARM.attributes
                0x00000000       0x1d c:/program files (x86)/cypress/psoc creator/4.2/psoc creator/import/gnu/arm/5.4.1/bin/../lib/gcc/arm-none-eabi/5.4.1/armv7-m/crti.o
 .ARM.attributes
                0x0000001d       0x2d c:/program files (x86)/cypress/psoc creator/4.2/psoc creator/import/gnu/arm/5.4.1/bin/../lib/gcc/arm-none-eabi/5.4.1/armv7-m/crtbegin.o
 .ARM.attributes
                0x0000004a       0x1b c:/program files (x86)/cypress/psoc creator/4.2/psoc creator/import/gnu/arm/5.4.1/bin/../lib/gcc/arm-none-eabi/5.4.1/../../../../arm-none-eabi/lib/armv7-m/crt0.o
 .ARM.attributes
                0x00000065       0x33 .\CortexM3\ARM_GCC_541\Debug\main.o
 .ARM.attributes
                0x00000098       0x33 .\CortexM3\ARM_GCC_541\Debug\cyfitter_cfg.o
 .ARM.attributes
                0x000000cb       0x33 .\CortexM3\ARM_GCC_541\Debug\cymetadata.o
 .ARM.attributes
                0x000000fe       0x33 .\CortexM3\ARM_GCC_541\Debug\Cm3Start.o
 .ARM.attributes
                0x00000131       0x33 .\CortexM3\ARM_GCC_541\Debug\2020-Control-Scheme.a(led.o)
 .ARM.attributes
                0x00000164       0x33 .\CortexM3\ARM_GCC_541\Debug\2020-Control-Scheme.a(USB.o)
 .ARM.attributes
                0x00000197       0x33 .\CortexM3\ARM_GCC_541\Debug\2020-Control-Scheme.a(USB_drv.o)
 .ARM.attributes
                0x000001ca       0x33 .\CortexM3\ARM_GCC_541\Debug\2020-Control-Scheme.a(USB_episr.o)
 .ARM.attributes
                0x000001fd       0x33 .\CortexM3\ARM_GCC_541\Debug\2020-Control-Scheme.a(USB_hid.o)
 .ARM.attributes
                0x00000230       0x33 .\CortexM3\ARM_GCC_541\Debug\2020-Control-Scheme.a(USB_pm.o)
 .ARM.attributes
                0x00000263       0x33 .\CortexM3\ARM_GCC_541\Debug\2020-Control-Scheme.a(USB_std.o)
 .ARM.attributes
                0x00000296       0x33 .\CortexM3\ARM_GCC_541\Debug\2020-Control-Scheme.a(USB_vnd.o)
 .ARM.attributes
                0x000002c9       0x33 .\CortexM3\ARM_GCC_541\Debug\2020-Control-Scheme.a(Status_1_8.o)
 .ARM.attributes
                0x000002fc       0x33 .\CortexM3\ARM_GCC_541\Debug\2020-Control-Scheme.a(Status_9_11.o)
 .ARM.attributes
                0x0000032f       0x33 .\CortexM3\ARM_GCC_541\Debug\2020-Control-Scheme.a(USB_Dp.o)
 .ARM.attributes
                0x00000362       0x33 .\CortexM3\ARM_GCC_541\Debug\2020-Control-Scheme.a(CyLib.o)
 .ARM.attributes
                0x00000395       0x33 .\CortexM3\ARM_GCC_541\Debug\2020-Control-Scheme.a(cyPm.o)
 .ARM.attributes
                0x000003c8       0x21 .\CortexM3\ARM_GCC_541\Debug\2020-Control-Scheme.a(CyBootAsmGnu.o)
 .ARM.attributes
                0x000003e9       0x33 .\CortexM3\ARM_GCC_541\Debug\2020-Control-Scheme.a(USB_cls.o)
 .ARM.attributes
                0x0000041c       0x33 .\CortexM3\ARM_GCC_541\Debug\2020-Control-Scheme.a(USB_descr.o)
 .ARM.attributes
                0x0000044f       0x33 .\CortexM3\ARM_GCC_541\Debug\2020-Control-Scheme.a(CyFlash.o)
 .ARM.attributes
                0x00000482       0x33 .\CortexM3\ARM_GCC_541\Debug\2020-Control-Scheme.a(CySpc.o)
 .ARM.attributes
                0x000004b5       0x2d c:/program files (x86)/cypress/psoc creator/4.2/psoc creator/import/gnu/arm/5.4.1/bin/../lib/gcc/arm-none-eabi/5.4.1/../../../../arm-none-eabi/lib/armv7-m\libg_nano.a(lib_a-errno.o)
 .ARM.attributes
                0x000004e2       0x2d c:/program files (x86)/cypress/psoc creator/4.2/psoc creator/import/gnu/arm/5.4.1/bin/../lib/gcc/arm-none-eabi/5.4.1/../../../../arm-none-eabi/lib/armv7-m\libg_nano.a(lib_a-exit.o)
 .ARM.attributes
                0x0000050f       0x2d c:/program files (x86)/cypress/psoc creator/4.2/psoc creator/import/gnu/arm/5.4.1/bin/../lib/gcc/arm-none-eabi/5.4.1/../../../../arm-none-eabi/lib/armv7-m\libg_nano.a(lib_a-impure.o)
 .ARM.attributes
                0x0000053c       0x2d c:/program files (x86)/cypress/psoc creator/4.2/psoc creator/import/gnu/arm/5.4.1/bin/../lib/gcc/arm-none-eabi/5.4.1/../../../../arm-none-eabi/lib/armv7-m\libg_nano.a(lib_a-init.o)
 .ARM.attributes
                0x00000569       0x2d c:/program files (x86)/cypress/psoc creator/4.2/psoc creator/import/gnu/arm/5.4.1/bin/../lib/gcc/arm-none-eabi/5.4.1/../../../../arm-none-eabi/lib/armv7-m\libg_nano.a(lib_a-memcpy-stub.o)
 .ARM.attributes
                0x00000596       0x2d c:/program files (x86)/cypress/psoc creator/4.2/psoc creator/import/gnu/arm/5.4.1/bin/../lib/gcc/arm-none-eabi/5.4.1/../../../../arm-none-eabi/lib/armv7-m\libg_nano.a(lib_a-memset.o)
 .ARM.attributes
                0x000005c3       0x2d c:/program files (x86)/cypress/psoc creator/4.2/psoc creator/import/gnu/arm/5.4.1/bin/../lib/gcc/arm-none-eabi/5.4.1/armv7-m/crtend.o
 .ARM.attributes
                0x000005f0       0x1d c:/program files (x86)/cypress/psoc creator/4.2/psoc creator/import/gnu/arm/5.4.1/bin/../lib/gcc/arm-none-eabi/5.4.1/armv7-m/crtn.o

/DISCARD/
 *(.note.GNU-stack)
OUTPUT(C:\Users\anoop.DESKTOP-AK0U51E\Documents\612_Code\PSOC\2020_CONTROL_SCHEME\PSoC-2020\2020-Control-Scheme.cydsn\CortexM3\ARM_GCC_541\Debug\2020-Control-Scheme.elf elf32-littlearm)
